
Allocating common symbols
Common symbol       size              file

bss_var             0x4               main.o

Memory Configuration

Name             Origin             Length             Attributes
flash            0x08000000         0x00020000         xr
sram             0x20000000         0x00005000         xrw
*default*        0x00000000         0xffffffff

Linker script and memory map


.text           0x08000000      0x130
 *(.vectors*)
 .vectors       0x08000000       0x1c startup.o
                0x08000000                vectors
 *(.text*)
 .text          0x0800001c       0x7c main.o
                0x0800001c                main
 .text          0x08000098       0x98 startup.o
                0x08000098                reset_handler
                0x08000124                usage_fault_handler
                0x08000124                default_handler
                0x08000124                hw_fault_handler
                0x08000124                nmi_handler
                0x08000124                bus_fault_handler
                0x08000124                mm_fault_handler
 *(.rodata)
                0x08000130                . = ALIGN (0x4)
                0x08000130                _E_text = .

.glue_7         0x08000130        0x0
 .glue_7        0x08000130        0x0 linker stubs

.glue_7t        0x08000130        0x0
 .glue_7t       0x08000130        0x0 linker stubs

.vfp11_veneer   0x08000130        0x0
 .vfp11_veneer  0x08000130        0x0 linker stubs

.v4_bx          0x08000130        0x0
 .v4_bx         0x08000130        0x0 linker stubs

.iplt           0x08000130        0x0
 .iplt          0x08000130        0x0 main.o

.rel.dyn        0x08000130        0x0
 .rel.iplt      0x08000130        0x0 main.o

.data           0x20000000        0xc load address 0x08000130
                0x20000000                _S_data = .
 *(.data)
 .data          0x20000000        0xc main.o
                0x20000000                data_var
 .data          0x2000000c        0x0 startup.o
                0x2000000c                . = ALIGN (0x4)
                0x2000000c                _E_data = .

.igot.plt       0x2000000c        0x0 load address 0x0800013c
 .igot.plt      0x2000000c        0x0 main.o

.bss            0x2000000c     0x1004 load address 0x0800013c
                0x2000000c                _S_bss = .
 *(.bss*)
 .bss           0x2000000c        0x0 main.o
 .bss           0x2000000c        0x0 startup.o
                0x2000000c                . = ALIGN (0x4)
                0x2000000c                _E_bss = .
                0x2000100c                . = (. + 0x1000)
 *fill*         0x2000000c     0x1000 
                0x2000100c                stack_top = .
 COMMON         0x2000100c        0x4 main.o
                0x2000100c                bss_var
LOAD main.o
LOAD startup.o
OUTPUT(learn-in-depth-cortex-m3.elf elf32-littlearm)

.debug_info     0x00000000     0x16f7
 .debug_info    0x00000000      0xc8a main.o
 .debug_info    0x00000c8a      0xa6d startup.o

.debug_abbrev   0x00000000      0x3a9
 .debug_abbrev  0x00000000      0x1dd main.o
 .debug_abbrev  0x000001dd      0x1cc startup.o

.debug_loc      0x00000000       0xb4
 .debug_loc     0x00000000       0x38 main.o
 .debug_loc     0x00000038       0x7c startup.o

.debug_aranges  0x00000000       0x40
 .debug_aranges
                0x00000000       0x20 main.o
 .debug_aranges
                0x00000020       0x20 startup.o

.debug_line     0x00000000      0x29c
 .debug_line    0x00000000      0x147 main.o
 .debug_line    0x00000147      0x155 startup.o

.debug_str      0x00000000      0x621
 .debug_str     0x00000000      0x5ac main.o
                                0x61e (size before relaxing)
 .debug_str     0x000005ac       0x75 startup.o
                                0x5a8 (size before relaxing)

.comment        0x00000000       0x7e
 .comment       0x00000000       0x7e main.o
                                 0x7f (size before relaxing)
 .comment       0x0000007e       0x7f startup.o

.ARM.attributes
                0x00000000       0x33
 .ARM.attributes
                0x00000000       0x33 main.o
 .ARM.attributes
                0x00000033       0x33 startup.o

.debug_frame    0x00000000       0x7c
 .debug_frame   0x00000000       0x2c main.o
 .debug_frame   0x0000002c       0x50 startup.o
