
Memory Configuration

Name             Origin             Length             Attributes
flash            0x08000000         0x00020000         xr
sram             0x20000000         0x00005000         xrw
*default*        0x00000000         0xffffffff

Linker script and memory map


.text           0x08000000      0x14c
 *(.vectors*)
 .vectors       0x08000000       0x1c startup.o
                0x08000000                vectors
 *(.text*)
 .text          0x0800001c       0x98 main.o
                0x0800001c                main
 .text          0x080000b4       0x98 startup.o
                0x080000b4                reset_handler
                0x08000140                usage_fault_handler
                0x08000140                default_handler
                0x08000140                hw_fault_handler
                0x08000140                nmi_handler
                0x08000140                bus_fault_handler
                0x08000140                mm_fault_handler
 *(.rodata)
                0x0800014c                . = ALIGN (0x4)
                0x0800014c                _E_text = .

.glue_7         0x0800014c        0x0
 .glue_7        0x0800014c        0x0 linker stubs

.glue_7t        0x0800014c        0x0
 .glue_7t       0x0800014c        0x0 linker stubs

.vfp11_veneer   0x0800014c        0x0
 .vfp11_veneer  0x0800014c        0x0 linker stubs

.v4_bx          0x0800014c        0x0
 .v4_bx         0x0800014c        0x0 linker stubs

.iplt           0x0800014c        0x0
 .iplt          0x0800014c        0x0 main.o

.rel.dyn        0x0800014c        0x0
 .rel.iplt      0x0800014c        0x0 main.o

.data           0x20000000        0x0 load address 0x0800014c
                0x20000000                _S_data = .
 *(.data)
 .data          0x20000000        0x0 main.o
 .data          0x20000000        0x0 startup.o
                0x20000000                . = ALIGN (0x4)
                0x20000000                _E_data = .

.igot.plt       0x20000000        0x0 load address 0x0800014c
 .igot.plt      0x20000000        0x0 main.o

.bss            0x20000000     0x1000 load address 0x0800014c
                0x20000000                _S_bss = .
 *(.bss*)
 .bss           0x20000000        0x0 main.o
 .bss           0x20000000        0x0 startup.o
                0x20000000                . = ALIGN (0x4)
                0x20000000                _E_bss = .
                0x20001000                . = (. + 0x1000)
 *fill*         0x20000000     0x1000 
                0x20001000                stack_top = .
LOAD main.o
LOAD startup.o
OUTPUT(learn-in-depth-cortex-m3.elf elf32-littlearm)

.debug_info     0x00000000     0x16b9
 .debug_info    0x00000000      0xc4c main.o
 .debug_info    0x00000c4c      0xa6d startup.o

.debug_abbrev   0x00000000      0x398
 .debug_abbrev  0x00000000      0x1cc main.o
 .debug_abbrev  0x000001cc      0x1cc startup.o

.debug_loc      0x00000000       0xb4
 .debug_loc     0x00000000       0x38 main.o
 .debug_loc     0x00000038       0x7c startup.o

.debug_aranges  0x00000000       0x40
 .debug_aranges
                0x00000000       0x20 main.o
 .debug_aranges
                0x00000020       0x20 startup.o

.debug_line     0x00000000      0x2a2
 .debug_line    0x00000000      0x14d main.o
 .debug_line    0x0000014d      0x155 startup.o

.debug_str      0x00000000      0x60f
 .debug_str     0x00000000      0x590 main.o
                                0x602 (size before relaxing)
 .debug_str     0x00000590       0x7f startup.o
                                0x59d (size before relaxing)

.comment        0x00000000       0x7e
 .comment       0x00000000       0x7e main.o
                                 0x7f (size before relaxing)
 .comment       0x0000007e       0x7f startup.o

.ARM.attributes
                0x00000000       0x33
 .ARM.attributes
                0x00000000       0x33 main.o
 .ARM.attributes
                0x00000033       0x33 startup.o

.debug_frame    0x00000000       0x7c
 .debug_frame   0x00000000       0x2c main.o
 .debug_frame   0x0000002c       0x50 startup.o
