stm32f103c6_EXTI_driver2.c:23:6:Enable_NVIC	16	static
stm32f103c6_EXTI_driver2.c:58:6:Disable_NVIC	16	static
stm32f103c6_EXTI_driver2.c:94:6:Update_EXTI	24	static
stm32f103c6_EXTI_driver2.c:146:7:MCAL_GPIO_EXTI_Deinit	4	static
stm32f103c6_EXTI_driver2.c:173:6:MCAL_GPIO_EXTI_init	16	static
stm32f103c6_EXTI_driver2.c:177:6:MCAL_GPIO_EXTI_update	16	static
stm32f103c6_EXTI_driver2.c:182:6:EXTI0_IRQHandler	8	static
stm32f103c6_EXTI_driver2.c:189:6:EXTI1_IRQHandler	8	static
stm32f103c6_EXTI_driver2.c:196:6:EXTI2_IRQHandler	8	static
stm32f103c6_EXTI_driver2.c:203:6:EXTI3_IRQHandler	8	static
stm32f103c6_EXTI_driver2.c:210:6:EXTI4_IRQHandler	8	static
stm32f103c6_EXTI_driver2.c:218:6:EXTI9_5_IRQHandler	8	static
stm32f103c6_EXTI_driver2.c:226:6:EXTI15_10_IRQHandler	8	static
