Archive member included to satisfy reference by file (symbol)

c:/st/stm32cubeide_1.4.0/stm32cubeide/plugins/com.st.stm32cube.ide.mcu.externaltools.gnu-tools-for-stm32.7-2018-q2-update.win32_1.4.0.202007081208/tools/bin/../lib/gcc/arm-none-eabi/7.3.1/../../../../arm-none-eabi/lib/thumb/v7-m\libc_nano.a(lib_a-errno.o)
                              Src/syscalls.o (__errno)
c:/st/stm32cubeide_1.4.0/stm32cubeide/plugins/com.st.stm32cube.ide.mcu.externaltools.gnu-tools-for-stm32.7-2018-q2-update.win32_1.4.0.202007081208/tools/bin/../lib/gcc/arm-none-eabi/7.3.1/../../../../arm-none-eabi/lib/thumb/v7-m\libc_nano.a(lib_a-exit.o)
                              c:/st/stm32cubeide_1.4.0/stm32cubeide/plugins/com.st.stm32cube.ide.mcu.externaltools.gnu-tools-for-stm32.7-2018-q2-update.win32_1.4.0.202007081208/tools/bin/../lib/gcc/arm-none-eabi/7.3.1/../../../../arm-none-eabi/lib/thumb/v7-m/crt0.o (exit)
c:/st/stm32cubeide_1.4.0/stm32cubeide/plugins/com.st.stm32cube.ide.mcu.externaltools.gnu-tools-for-stm32.7-2018-q2-update.win32_1.4.0.202007081208/tools/bin/../lib/gcc/arm-none-eabi/7.3.1/../../../../arm-none-eabi/lib/thumb/v7-m\libc_nano.a(lib_a-impure.o)
                              c:/st/stm32cubeide_1.4.0/stm32cubeide/plugins/com.st.stm32cube.ide.mcu.externaltools.gnu-tools-for-stm32.7-2018-q2-update.win32_1.4.0.202007081208/tools/bin/../lib/gcc/arm-none-eabi/7.3.1/../../../../arm-none-eabi/lib/thumb/v7-m\libc_nano.a(lib_a-exit.o) (_global_impure_ptr)
c:/st/stm32cubeide_1.4.0/stm32cubeide/plugins/com.st.stm32cube.ide.mcu.externaltools.gnu-tools-for-stm32.7-2018-q2-update.win32_1.4.0.202007081208/tools/bin/../lib/gcc/arm-none-eabi/7.3.1/../../../../arm-none-eabi/lib/thumb/v7-m\libc_nano.a(lib_a-init.o)
                              c:/st/stm32cubeide_1.4.0/stm32cubeide/plugins/com.st.stm32cube.ide.mcu.externaltools.gnu-tools-for-stm32.7-2018-q2-update.win32_1.4.0.202007081208/tools/bin/../lib/gcc/arm-none-eabi/7.3.1/../../../../arm-none-eabi/lib/thumb/v7-m/crt0.o (__libc_init_array)
c:/st/stm32cubeide_1.4.0/stm32cubeide/plugins/com.st.stm32cube.ide.mcu.externaltools.gnu-tools-for-stm32.7-2018-q2-update.win32_1.4.0.202007081208/tools/bin/../lib/gcc/arm-none-eabi/7.3.1/../../../../arm-none-eabi/lib/thumb/v7-m\libc_nano.a(lib_a-memset.o)
                              c:/st/stm32cubeide_1.4.0/stm32cubeide/plugins/com.st.stm32cube.ide.mcu.externaltools.gnu-tools-for-stm32.7-2018-q2-update.win32_1.4.0.202007081208/tools/bin/../lib/gcc/arm-none-eabi/7.3.1/../../../../arm-none-eabi/lib/thumb/v7-m/crt0.o (memset)

Allocating common symbols
Common symbol       size              file

PIN_Config          0x4               Src/lcd.o
GP_IRQ_Callback     0x3c              stm32_f103c6_drivers/stm32f103c6_EXTI_driver2.o

Discarded input sections

 .text          0x0000000000000000        0x0 c:/st/stm32cubeide_1.4.0/stm32cubeide/plugins/com.st.stm32cube.ide.mcu.externaltools.gnu-tools-for-stm32.7-2018-q2-update.win32_1.4.0.202007081208/tools/bin/../lib/gcc/arm-none-eabi/7.3.1/thumb/v7-m/crti.o
 .data          0x0000000000000000        0x0 c:/st/stm32cubeide_1.4.0/stm32cubeide/plugins/com.st.stm32cube.ide.mcu.externaltools.gnu-tools-for-stm32.7-2018-q2-update.win32_1.4.0.202007081208/tools/bin/../lib/gcc/arm-none-eabi/7.3.1/thumb/v7-m/crti.o
 .bss           0x0000000000000000        0x0 c:/st/stm32cubeide_1.4.0/stm32cubeide/plugins/com.st.stm32cube.ide.mcu.externaltools.gnu-tools-for-stm32.7-2018-q2-update.win32_1.4.0.202007081208/tools/bin/../lib/gcc/arm-none-eabi/7.3.1/thumb/v7-m/crti.o
 .data          0x0000000000000000        0x4 c:/st/stm32cubeide_1.4.0/stm32cubeide/plugins/com.st.stm32cube.ide.mcu.externaltools.gnu-tools-for-stm32.7-2018-q2-update.win32_1.4.0.202007081208/tools/bin/../lib/gcc/arm-none-eabi/7.3.1/thumb/v7-m/crtbegin.o
 .text          0x0000000000000000       0x74 c:/st/stm32cubeide_1.4.0/stm32cubeide/plugins/com.st.stm32cube.ide.mcu.externaltools.gnu-tools-for-stm32.7-2018-q2-update.win32_1.4.0.202007081208/tools/bin/../lib/gcc/arm-none-eabi/7.3.1/../../../../arm-none-eabi/lib/thumb/v7-m/crt0.o
 .data          0x0000000000000000        0x0 c:/st/stm32cubeide_1.4.0/stm32cubeide/plugins/com.st.stm32cube.ide.mcu.externaltools.gnu-tools-for-stm32.7-2018-q2-update.win32_1.4.0.202007081208/tools/bin/../lib/gcc/arm-none-eabi/7.3.1/../../../../arm-none-eabi/lib/thumb/v7-m/crt0.o
 .bss           0x0000000000000000        0x0 c:/st/stm32cubeide_1.4.0/stm32cubeide/plugins/com.st.stm32cube.ide.mcu.externaltools.gnu-tools-for-stm32.7-2018-q2-update.win32_1.4.0.202007081208/tools/bin/../lib/gcc/arm-none-eabi/7.3.1/../../../../arm-none-eabi/lib/thumb/v7-m/crt0.o
 .ARM.extab     0x0000000000000000        0x0 c:/st/stm32cubeide_1.4.0/stm32cubeide/plugins/com.st.stm32cube.ide.mcu.externaltools.gnu-tools-for-stm32.7-2018-q2-update.win32_1.4.0.202007081208/tools/bin/../lib/gcc/arm-none-eabi/7.3.1/../../../../arm-none-eabi/lib/thumb/v7-m/crt0.o
 .ARM.exidx     0x0000000000000000        0x8 c:/st/stm32cubeide_1.4.0/stm32cubeide/plugins/com.st.stm32cube.ide.mcu.externaltools.gnu-tools-for-stm32.7-2018-q2-update.win32_1.4.0.202007081208/tools/bin/../lib/gcc/arm-none-eabi/7.3.1/../../../../arm-none-eabi/lib/thumb/v7-m/crt0.o
 .ARM.attributes
                0x0000000000000000       0x1b c:/st/stm32cubeide_1.4.0/stm32cubeide/plugins/com.st.stm32cube.ide.mcu.externaltools.gnu-tools-for-stm32.7-2018-q2-update.win32_1.4.0.202007081208/tools/bin/../lib/gcc/arm-none-eabi/7.3.1/../../../../arm-none-eabi/lib/thumb/v7-m/crt0.o
 .group         0x0000000000000000        0xc Src/lcd.o
 .group         0x0000000000000000        0xc Src/lcd.o
 .group         0x0000000000000000        0xc Src/lcd.o
 .group         0x0000000000000000        0xc Src/lcd.o
 .group         0x0000000000000000        0xc Src/lcd.o
 .group         0x0000000000000000        0xc Src/lcd.o
 .group         0x0000000000000000        0xc Src/lcd.o
 .group         0x0000000000000000        0xc Src/lcd.o
 .group         0x0000000000000000        0xc Src/lcd.o
 .group         0x0000000000000000        0xc Src/lcd.o
 .group         0x0000000000000000        0xc Src/lcd.o
 .group         0x0000000000000000        0xc Src/lcd.o
 .group         0x0000000000000000        0xc Src/lcd.o
 .group         0x0000000000000000        0xc Src/lcd.o
 .group         0x0000000000000000        0xc Src/lcd.o
 .group         0x0000000000000000        0xc Src/lcd.o
 .group         0x0000000000000000        0xc Src/lcd.o
 .group         0x0000000000000000        0xc Src/lcd.o
 .group         0x0000000000000000        0xc Src/lcd.o
 .group         0x0000000000000000        0xc Src/lcd.o
 .group         0x0000000000000000        0xc Src/lcd.o
 .group         0x0000000000000000        0xc Src/lcd.o
 .group         0x0000000000000000        0xc Src/lcd.o
 .group         0x0000000000000000        0xc Src/lcd.o
 .group         0x0000000000000000        0xc Src/lcd.o
 .text          0x0000000000000000        0x0 Src/lcd.o
 .data          0x0000000000000000        0x0 Src/lcd.o
 .bss           0x0000000000000000        0x0 Src/lcd.o
 .group         0x0000000000000000        0xc Src/main.o
 .group         0x0000000000000000        0xc Src/main.o
 .group         0x0000000000000000        0xc Src/main.o
 .group         0x0000000000000000        0xc Src/main.o
 .group         0x0000000000000000        0xc Src/main.o
 .group         0x0000000000000000        0xc Src/main.o
 .group         0x0000000000000000        0xc Src/main.o
 .group         0x0000000000000000        0xc Src/main.o
 .group         0x0000000000000000        0xc Src/main.o
 .group         0x0000000000000000        0xc Src/main.o
 .group         0x0000000000000000        0xc Src/main.o
 .group         0x0000000000000000        0xc Src/main.o
 .group         0x0000000000000000        0xc Src/main.o
 .group         0x0000000000000000        0xc Src/main.o
 .group         0x0000000000000000        0xc Src/main.o
 .group         0x0000000000000000        0xc Src/main.o
 .group         0x0000000000000000        0xc Src/main.o
 .group         0x0000000000000000        0xc Src/main.o
 .group         0x0000000000000000        0xc Src/main.o
 .group         0x0000000000000000        0xc Src/main.o
 .group         0x0000000000000000        0xc Src/main.o
 .group         0x0000000000000000        0xc Src/main.o
 .group         0x0000000000000000        0xc Src/main.o
 .group         0x0000000000000000        0xc Src/main.o
 .group         0x0000000000000000        0xc Src/main.o
 .group         0x0000000000000000        0xc Src/main.o
 .text          0x0000000000000000        0x0 Src/main.o
 .data          0x0000000000000000        0x0 Src/main.o
 .bss           0x0000000000000000        0x0 Src/main.o
 .debug_macro   0x0000000000000000      0xa60 Src/main.o
 .debug_macro   0x0000000000000000       0x18 Src/main.o
 .debug_macro   0x0000000000000000       0x22 Src/main.o
 .debug_macro   0x0000000000000000       0x40 Src/main.o
 .debug_macro   0x0000000000000000       0x94 Src/main.o
 .debug_macro   0x0000000000000000       0x3c Src/main.o
 .debug_macro   0x0000000000000000       0x34 Src/main.o
 .debug_macro   0x0000000000000000       0x16 Src/main.o
 .debug_macro   0x0000000000000000      0x10e Src/main.o
 .debug_macro   0x0000000000000000       0x8d Src/main.o
 .debug_macro   0x0000000000000000       0x57 Src/main.o
 .debug_macro   0x0000000000000000       0x52 Src/main.o
 .debug_macro   0x0000000000000000       0x1f Src/main.o
 .debug_macro   0x0000000000000000       0x43 Src/main.o
 .debug_macro   0x0000000000000000       0x20 Src/main.o
 .debug_macro   0x0000000000000000      0x1a3 Src/main.o
 .debug_macro   0x0000000000000000      0x330 Src/main.o
 .debug_macro   0x0000000000000000       0x16 Src/main.o
 .debug_macro   0x0000000000000000       0x29 Src/main.o
 .debug_macro   0x0000000000000000       0xef Src/main.o
 .debug_macro   0x0000000000000000       0x6a Src/main.o
 .debug_macro   0x0000000000000000      0x1df Src/main.o
 .debug_macro   0x0000000000000000      0x1a2 Src/main.o
 .debug_macro   0x0000000000000000       0xd0 Src/main.o
 .debug_macro   0x0000000000000000       0xa0 Src/main.o
 .group         0x0000000000000000        0xc Src/syscalls.o
 .group         0x0000000000000000        0xc Src/syscalls.o
 .group         0x0000000000000000        0xc Src/syscalls.o
 .group         0x0000000000000000        0xc Src/syscalls.o
 .group         0x0000000000000000        0xc Src/syscalls.o
 .group         0x0000000000000000        0xc Src/syscalls.o
 .group         0x0000000000000000        0xc Src/syscalls.o
 .group         0x0000000000000000        0xc Src/syscalls.o
 .group         0x0000000000000000        0xc Src/syscalls.o
 .group         0x0000000000000000        0xc Src/syscalls.o
 .group         0x0000000000000000        0xc Src/syscalls.o
 .group         0x0000000000000000        0xc Src/syscalls.o
 .group         0x0000000000000000        0xc Src/syscalls.o
 .group         0x0000000000000000        0xc Src/syscalls.o
 .group         0x0000000000000000        0xc Src/syscalls.o
 .group         0x0000000000000000        0xc Src/syscalls.o
 .group         0x0000000000000000        0xc Src/syscalls.o
 .group         0x0000000000000000        0xc Src/syscalls.o
 .group         0x0000000000000000        0xc Src/syscalls.o
 .group         0x0000000000000000        0xc Src/syscalls.o
 .group         0x0000000000000000        0xc Src/syscalls.o
 .group         0x0000000000000000        0xc Src/syscalls.o
 .group         0x0000000000000000        0xc Src/syscalls.o
 .group         0x0000000000000000        0xc Src/syscalls.o
 .group         0x0000000000000000        0xc Src/syscalls.o
 .group         0x0000000000000000        0xc Src/syscalls.o
 .group         0x0000000000000000        0xc Src/syscalls.o
 .group         0x0000000000000000        0xc Src/syscalls.o
 .group         0x0000000000000000        0xc Src/syscalls.o
 .group         0x0000000000000000        0xc Src/syscalls.o
 .group         0x0000000000000000        0xc Src/syscalls.o
 .group         0x0000000000000000        0xc Src/syscalls.o
 .group         0x0000000000000000        0xc Src/syscalls.o
 .group         0x0000000000000000        0xc Src/syscalls.o
 .group         0x0000000000000000        0xc Src/syscalls.o
 .group         0x0000000000000000        0xc Src/syscalls.o
 .group         0x0000000000000000        0xc Src/syscalls.o
 .group         0x0000000000000000        0xc Src/syscalls.o
 .group         0x0000000000000000        0xc Src/syscalls.o
 .group         0x0000000000000000        0xc Src/syscalls.o
 .group         0x0000000000000000        0xc Src/syscalls.o
 .group         0x0000000000000000        0xc Src/syscalls.o
 .group         0x0000000000000000        0xc Src/syscalls.o
 .group         0x0000000000000000        0xc Src/syscalls.o
 .text          0x0000000000000000        0x0 Src/syscalls.o
 .data          0x0000000000000000        0x0 Src/syscalls.o
 .bss           0x0000000000000000        0x0 Src/syscalls.o
 .bss.__env     0x0000000000000000        0x4 Src/syscalls.o
 .data.environ  0x0000000000000000        0x4 Src/syscalls.o
 .text.initialise_monitor_handles
                0x0000000000000000        0xc Src/syscalls.o
 .text._getpid  0x0000000000000000        0xe Src/syscalls.o
 .text._kill    0x0000000000000000       0x20 Src/syscalls.o
 .text._exit    0x0000000000000000       0x14 Src/syscalls.o
 .text._read    0x0000000000000000       0x3a Src/syscalls.o
 .text._write   0x0000000000000000       0x38 Src/syscalls.o
 .text._close   0x0000000000000000       0x16 Src/syscalls.o
 .text._fstat   0x0000000000000000       0x1e Src/syscalls.o
 .text._isatty  0x0000000000000000       0x14 Src/syscalls.o
 .text._lseek   0x0000000000000000       0x18 Src/syscalls.o
 .text._open    0x0000000000000000       0x1a Src/syscalls.o
 .text._wait    0x0000000000000000       0x1e Src/syscalls.o
 .text._unlink  0x0000000000000000       0x1e Src/syscalls.o
 .text._times   0x0000000000000000       0x16 Src/syscalls.o
 .text._stat    0x0000000000000000       0x1e Src/syscalls.o
 .text._link    0x0000000000000000       0x20 Src/syscalls.o
 .text._fork    0x0000000000000000       0x16 Src/syscalls.o
 .text._execve  0x0000000000000000       0x22 Src/syscalls.o
 .debug_info    0x0000000000000000     0x1038 Src/syscalls.o
 .debug_abbrev  0x0000000000000000      0x254 Src/syscalls.o
 .debug_loc     0x0000000000000000      0x5b8 Src/syscalls.o
 .debug_aranges
                0x0000000000000000       0xa8 Src/syscalls.o
 .debug_ranges  0x0000000000000000       0x98 Src/syscalls.o
 .debug_macro   0x0000000000000000      0x243 Src/syscalls.o
 .debug_macro   0x0000000000000000      0xa60 Src/syscalls.o
 .debug_macro   0x0000000000000000       0x22 Src/syscalls.o
 .debug_macro   0x0000000000000000       0x40 Src/syscalls.o
 .debug_macro   0x0000000000000000       0x18 Src/syscalls.o
 .debug_macro   0x0000000000000000       0x94 Src/syscalls.o
 .debug_macro   0x0000000000000000       0x3c Src/syscalls.o
 .debug_macro   0x0000000000000000       0x34 Src/syscalls.o
 .debug_macro   0x0000000000000000       0x57 Src/syscalls.o
 .debug_macro   0x0000000000000000      0x174 Src/syscalls.o
 .debug_macro   0x0000000000000000      0x330 Src/syscalls.o
 .debug_macro   0x0000000000000000       0x52 Src/syscalls.o
 .debug_macro   0x0000000000000000       0x1f Src/syscalls.o
 .debug_macro   0x0000000000000000       0x43 Src/syscalls.o
 .debug_macro   0x0000000000000000       0x20 Src/syscalls.o
 .debug_macro   0x0000000000000000      0x1a3 Src/syscalls.o
 .debug_macro   0x0000000000000000       0x10 Src/syscalls.o
 .debug_macro   0x0000000000000000       0x35 Src/syscalls.o
 .debug_macro   0x0000000000000000       0x10 Src/syscalls.o
 .debug_macro   0x0000000000000000       0x10 Src/syscalls.o
 .debug_macro   0x0000000000000000       0x10 Src/syscalls.o
 .debug_macro   0x0000000000000000       0x6a Src/syscalls.o
 .debug_macro   0x0000000000000000       0x1c Src/syscalls.o
 .debug_macro   0x0000000000000000       0x52 Src/syscalls.o
 .debug_macro   0x0000000000000000       0x40 Src/syscalls.o
 .debug_macro   0x0000000000000000       0x10 Src/syscalls.o
 .debug_macro   0x0000000000000000       0x40 Src/syscalls.o
 .debug_macro   0x0000000000000000       0xd7 Src/syscalls.o
 .debug_macro   0x0000000000000000       0x1c Src/syscalls.o
 .debug_macro   0x0000000000000000       0x3d Src/syscalls.o
 .debug_macro   0x0000000000000000       0x35 Src/syscalls.o
 .debug_macro   0x0000000000000000      0x122 Src/syscalls.o
 .debug_macro   0x0000000000000000       0x16 Src/syscalls.o
 .debug_macro   0x0000000000000000       0x16 Src/syscalls.o
 .debug_macro   0x0000000000000000       0x29 Src/syscalls.o
 .debug_macro   0x0000000000000000       0x10 Src/syscalls.o
 .debug_macro   0x0000000000000000      0x241 Src/syscalls.o
 .debug_macro   0x0000000000000000       0x1c Src/syscalls.o
 .debug_macro   0x0000000000000000       0x10 Src/syscalls.o
 .debug_macro   0x0000000000000000       0x10 Src/syscalls.o
 .debug_macro   0x0000000000000000       0x16 Src/syscalls.o
 .debug_macro   0x0000000000000000      0x145 Src/syscalls.o
 .debug_macro   0x0000000000000000      0x189 Src/syscalls.o
 .debug_macro   0x0000000000000000       0x16 Src/syscalls.o
 .debug_macro   0x0000000000000000       0x88 Src/syscalls.o
 .debug_line    0x0000000000000000      0x739 Src/syscalls.o
 .debug_str     0x0000000000000000     0x8877 Src/syscalls.o
 .comment       0x0000000000000000       0x7c Src/syscalls.o
 .debug_frame   0x0000000000000000      0x2ac Src/syscalls.o
 .ARM.attributes
                0x0000000000000000       0x33 Src/syscalls.o
 .group         0x0000000000000000        0xc Src/sysmem.o
 .group         0x0000000000000000        0xc Src/sysmem.o
 .group         0x0000000000000000        0xc Src/sysmem.o
 .group         0x0000000000000000        0xc Src/sysmem.o
 .group         0x0000000000000000        0xc Src/sysmem.o
 .group         0x0000000000000000        0xc Src/sysmem.o
 .group         0x0000000000000000        0xc Src/sysmem.o
 .group         0x0000000000000000        0xc Src/sysmem.o
 .group         0x0000000000000000        0xc Src/sysmem.o
 .group         0x0000000000000000        0xc Src/sysmem.o
 .group         0x0000000000000000        0xc Src/sysmem.o
 .group         0x0000000000000000        0xc Src/sysmem.o
 .group         0x0000000000000000        0xc Src/sysmem.o
 .group         0x0000000000000000        0xc Src/sysmem.o
 .group         0x0000000000000000        0xc Src/sysmem.o
 .group         0x0000000000000000        0xc Src/sysmem.o
 .group         0x0000000000000000        0xc Src/sysmem.o
 .group         0x0000000000000000        0xc Src/sysmem.o
 .group         0x0000000000000000        0xc Src/sysmem.o
 .text          0x0000000000000000        0x0 Src/sysmem.o
 .data          0x0000000000000000        0x0 Src/sysmem.o
 .bss           0x0000000000000000        0x0 Src/sysmem.o
 .bss.__sbrk_heap_end
                0x0000000000000000        0x4 Src/sysmem.o
 .text._sbrk    0x0000000000000000       0x6c Src/sysmem.o
 .debug_info    0x0000000000000000      0xa7c Src/sysmem.o
 .debug_abbrev  0x0000000000000000      0x18e Src/sysmem.o
 .debug_loc     0x0000000000000000       0x50 Src/sysmem.o
 .debug_aranges
                0x0000000000000000       0x20 Src/sysmem.o
 .debug_ranges  0x0000000000000000       0x10 Src/sysmem.o
 .debug_macro   0x0000000000000000       0xee Src/sysmem.o
 .debug_macro   0x0000000000000000      0xa60 Src/sysmem.o
 .debug_macro   0x0000000000000000       0x10 Src/sysmem.o
 .debug_macro   0x0000000000000000       0x22 Src/sysmem.o
 .debug_macro   0x0000000000000000       0x40 Src/sysmem.o
 .debug_macro   0x0000000000000000       0x18 Src/sysmem.o
 .debug_macro   0x0000000000000000       0x94 Src/sysmem.o
 .debug_macro   0x0000000000000000       0x3c Src/sysmem.o
 .debug_macro   0x0000000000000000       0x34 Src/sysmem.o
 .debug_macro   0x0000000000000000      0x174 Src/sysmem.o
 .debug_macro   0x0000000000000000       0x57 Src/sysmem.o
 .debug_macro   0x0000000000000000       0x52 Src/sysmem.o
 .debug_macro   0x0000000000000000       0x1f Src/sysmem.o
 .debug_macro   0x0000000000000000       0x43 Src/sysmem.o
 .debug_macro   0x0000000000000000       0x20 Src/sysmem.o
 .debug_macro   0x0000000000000000      0x1a3 Src/sysmem.o
 .debug_macro   0x0000000000000000      0x23b Src/sysmem.o
 .debug_macro   0x0000000000000000       0xef Src/sysmem.o
 .debug_macro   0x0000000000000000       0x6a Src/sysmem.o
 .debug_macro   0x0000000000000000      0x1df Src/sysmem.o
 .debug_line    0x0000000000000000      0x4c2 Src/sysmem.o
 .debug_str     0x0000000000000000     0x5f45 Src/sysmem.o
 .comment       0x0000000000000000       0x7c Src/sysmem.o
 .debug_frame   0x0000000000000000       0x34 Src/sysmem.o
 .ARM.attributes
                0x0000000000000000       0x33 Src/sysmem.o
 .text          0x0000000000000000       0x14 Startup/startup_stm32f103c6tx.o
 .data          0x0000000000000000        0x0 Startup/startup_stm32f103c6tx.o
 .bss           0x0000000000000000        0x0 Startup/startup_stm32f103c6tx.o
 .group         0x0000000000000000        0xc stm32_f103c6_drivers/keypad_driver/keypad.o
 .group         0x0000000000000000        0xc stm32_f103c6_drivers/keypad_driver/keypad.o
 .group         0x0000000000000000        0xc stm32_f103c6_drivers/keypad_driver/keypad.o
 .group         0x0000000000000000        0xc stm32_f103c6_drivers/keypad_driver/keypad.o
 .group         0x0000000000000000        0xc stm32_f103c6_drivers/keypad_driver/keypad.o
 .group         0x0000000000000000        0xc stm32_f103c6_drivers/keypad_driver/keypad.o
 .group         0x0000000000000000        0xc stm32_f103c6_drivers/keypad_driver/keypad.o
 .group         0x0000000000000000        0xc stm32_f103c6_drivers/keypad_driver/keypad.o
 .group         0x0000000000000000        0xc stm32_f103c6_drivers/keypad_driver/keypad.o
 .group         0x0000000000000000        0xc stm32_f103c6_drivers/keypad_driver/keypad.o
 .group         0x0000000000000000        0xc stm32_f103c6_drivers/keypad_driver/keypad.o
 .group         0x0000000000000000        0xc stm32_f103c6_drivers/keypad_driver/keypad.o
 .group         0x0000000000000000        0xc stm32_f103c6_drivers/keypad_driver/keypad.o
 .group         0x0000000000000000        0xc stm32_f103c6_drivers/keypad_driver/keypad.o
 .group         0x0000000000000000        0xc stm32_f103c6_drivers/keypad_driver/keypad.o
 .group         0x0000000000000000        0xc stm32_f103c6_drivers/keypad_driver/keypad.o
 .group         0x0000000000000000        0xc stm32_f103c6_drivers/keypad_driver/keypad.o
 .group         0x0000000000000000        0xc stm32_f103c6_drivers/keypad_driver/keypad.o
 .group         0x0000000000000000        0xc stm32_f103c6_drivers/keypad_driver/keypad.o
 .group         0x0000000000000000        0xc stm32_f103c6_drivers/keypad_driver/keypad.o
 .group         0x0000000000000000        0xc stm32_f103c6_drivers/keypad_driver/keypad.o
 .group         0x0000000000000000        0xc stm32_f103c6_drivers/keypad_driver/keypad.o
 .group         0x0000000000000000        0xc stm32_f103c6_drivers/keypad_driver/keypad.o
 .group         0x0000000000000000        0xc stm32_f103c6_drivers/keypad_driver/keypad.o
 .group         0x0000000000000000        0xc stm32_f103c6_drivers/keypad_driver/keypad.o
 .group         0x0000000000000000        0xc stm32_f103c6_drivers/keypad_driver/keypad.o
 .text          0x0000000000000000        0x0 stm32_f103c6_drivers/keypad_driver/keypad.o
 .data          0x0000000000000000        0x0 stm32_f103c6_drivers/keypad_driver/keypad.o
 .bss           0x0000000000000000        0x0 stm32_f103c6_drivers/keypad_driver/keypad.o
 .data.get_pressed
                0x0000000000000000       0x10 stm32_f103c6_drivers/keypad_driver/keypad.o
 .data.keypad_c
                0x0000000000000000        0x4 stm32_f103c6_drivers/keypad_driver/keypad.o
 .data.keypad_r
                0x0000000000000000        0x4 stm32_f103c6_drivers/keypad_driver/keypad.o
 .text.keypad_init
                0x0000000000000000       0xec stm32_f103c6_drivers/keypad_driver/keypad.o
 .text.keyoad_getchar
                0x0000000000000000      0x194 stm32_f103c6_drivers/keypad_driver/keypad.o
 .debug_info    0x0000000000000000      0xb32 stm32_f103c6_drivers/keypad_driver/keypad.o
 .debug_abbrev  0x0000000000000000      0x1a6 stm32_f103c6_drivers/keypad_driver/keypad.o
 .debug_loc     0x0000000000000000       0x7c stm32_f103c6_drivers/keypad_driver/keypad.o
 .debug_aranges
                0x0000000000000000       0x28 stm32_f103c6_drivers/keypad_driver/keypad.o
 .debug_ranges  0x0000000000000000       0x18 stm32_f103c6_drivers/keypad_driver/keypad.o
 .debug_macro   0x0000000000000000      0x151 stm32_f103c6_drivers/keypad_driver/keypad.o
 .debug_macro   0x0000000000000000      0xa60 stm32_f103c6_drivers/keypad_driver/keypad.o
 .debug_macro   0x0000000000000000       0x10 stm32_f103c6_drivers/keypad_driver/keypad.o
 .debug_macro   0x0000000000000000       0x18 stm32_f103c6_drivers/keypad_driver/keypad.o
 .debug_macro   0x0000000000000000       0x22 stm32_f103c6_drivers/keypad_driver/keypad.o
 .debug_macro   0x0000000000000000       0x40 stm32_f103c6_drivers/keypad_driver/keypad.o
 .debug_macro   0x0000000000000000       0x94 stm32_f103c6_drivers/keypad_driver/keypad.o
 .debug_macro   0x0000000000000000       0x3c stm32_f103c6_drivers/keypad_driver/keypad.o
 .debug_macro   0x0000000000000000       0x34 stm32_f103c6_drivers/keypad_driver/keypad.o
 .debug_macro   0x0000000000000000       0x16 stm32_f103c6_drivers/keypad_driver/keypad.o
 .debug_macro   0x0000000000000000      0x10e stm32_f103c6_drivers/keypad_driver/keypad.o
 .debug_macro   0x0000000000000000       0x8d stm32_f103c6_drivers/keypad_driver/keypad.o
 .debug_macro   0x0000000000000000       0x57 stm32_f103c6_drivers/keypad_driver/keypad.o
 .debug_macro   0x0000000000000000       0x52 stm32_f103c6_drivers/keypad_driver/keypad.o
 .debug_macro   0x0000000000000000       0x1f stm32_f103c6_drivers/keypad_driver/keypad.o
 .debug_macro   0x0000000000000000       0x43 stm32_f103c6_drivers/keypad_driver/keypad.o
 .debug_macro   0x0000000000000000       0x20 stm32_f103c6_drivers/keypad_driver/keypad.o
 .debug_macro   0x0000000000000000      0x1a3 stm32_f103c6_drivers/keypad_driver/keypad.o
 .debug_macro   0x0000000000000000      0x330 stm32_f103c6_drivers/keypad_driver/keypad.o
 .debug_macro   0x0000000000000000       0x16 stm32_f103c6_drivers/keypad_driver/keypad.o
 .debug_macro   0x0000000000000000       0x29 stm32_f103c6_drivers/keypad_driver/keypad.o
 .debug_macro   0x0000000000000000       0xef stm32_f103c6_drivers/keypad_driver/keypad.o
 .debug_macro   0x0000000000000000       0x6a stm32_f103c6_drivers/keypad_driver/keypad.o
 .debug_macro   0x0000000000000000      0x1df stm32_f103c6_drivers/keypad_driver/keypad.o
 .debug_macro   0x0000000000000000      0x1a2 stm32_f103c6_drivers/keypad_driver/keypad.o
 .debug_macro   0x0000000000000000       0xd0 stm32_f103c6_drivers/keypad_driver/keypad.o
 .debug_macro   0x0000000000000000       0x3a stm32_f103c6_drivers/keypad_driver/keypad.o
 .debug_line    0x0000000000000000      0x65b stm32_f103c6_drivers/keypad_driver/keypad.o
 .debug_str     0x0000000000000000     0x7cc6 stm32_f103c6_drivers/keypad_driver/keypad.o
 .comment       0x0000000000000000       0x7c stm32_f103c6_drivers/keypad_driver/keypad.o
 .debug_frame   0x0000000000000000       0x50 stm32_f103c6_drivers/keypad_driver/keypad.o
 .ARM.attributes
                0x0000000000000000       0x33 stm32_f103c6_drivers/keypad_driver/keypad.o
 .group         0x0000000000000000        0xc stm32_f103c6_drivers/stm32f103c6_EXTI_driver2.o
 .group         0x0000000000000000        0xc stm32_f103c6_drivers/stm32f103c6_EXTI_driver2.o
 .group         0x0000000000000000        0xc stm32_f103c6_drivers/stm32f103c6_EXTI_driver2.o
 .group         0x0000000000000000        0xc stm32_f103c6_drivers/stm32f103c6_EXTI_driver2.o
 .group         0x0000000000000000        0xc stm32_f103c6_drivers/stm32f103c6_EXTI_driver2.o
 .group         0x0000000000000000        0xc stm32_f103c6_drivers/stm32f103c6_EXTI_driver2.o
 .group         0x0000000000000000        0xc stm32_f103c6_drivers/stm32f103c6_EXTI_driver2.o
 .group         0x0000000000000000        0xc stm32_f103c6_drivers/stm32f103c6_EXTI_driver2.o
 .group         0x0000000000000000        0xc stm32_f103c6_drivers/stm32f103c6_EXTI_driver2.o
 .group         0x0000000000000000        0xc stm32_f103c6_drivers/stm32f103c6_EXTI_driver2.o
 .group         0x0000000000000000        0xc stm32_f103c6_drivers/stm32f103c6_EXTI_driver2.o
 .group         0x0000000000000000        0xc stm32_f103c6_drivers/stm32f103c6_EXTI_driver2.o
 .group         0x0000000000000000        0xc stm32_f103c6_drivers/stm32f103c6_EXTI_driver2.o
 .group         0x0000000000000000        0xc stm32_f103c6_drivers/stm32f103c6_EXTI_driver2.o
 .group         0x0000000000000000        0xc stm32_f103c6_drivers/stm32f103c6_EXTI_driver2.o
 .group         0x0000000000000000        0xc stm32_f103c6_drivers/stm32f103c6_EXTI_driver2.o
 .group         0x0000000000000000        0xc stm32_f103c6_drivers/stm32f103c6_EXTI_driver2.o
 .group         0x0000000000000000        0xc stm32_f103c6_drivers/stm32f103c6_EXTI_driver2.o
 .group         0x0000000000000000        0xc stm32_f103c6_drivers/stm32f103c6_EXTI_driver2.o
 .group         0x0000000000000000        0xc stm32_f103c6_drivers/stm32f103c6_EXTI_driver2.o
 .group         0x0000000000000000        0xc stm32_f103c6_drivers/stm32f103c6_EXTI_driver2.o
 .group         0x0000000000000000        0xc stm32_f103c6_drivers/stm32f103c6_EXTI_driver2.o
 .group         0x0000000000000000        0xc stm32_f103c6_drivers/stm32f103c6_EXTI_driver2.o
 .group         0x0000000000000000        0xc stm32_f103c6_drivers/stm32f103c6_EXTI_driver2.o
 .group         0x0000000000000000        0xc stm32_f103c6_drivers/stm32f103c6_EXTI_driver2.o
 .text          0x0000000000000000        0x0 stm32_f103c6_drivers/stm32f103c6_EXTI_driver2.o
 .data          0x0000000000000000        0x0 stm32_f103c6_drivers/stm32f103c6_EXTI_driver2.o
 .bss           0x0000000000000000        0x0 stm32_f103c6_drivers/stm32f103c6_EXTI_driver2.o
 .text.MCAL_GPIO_EXTI_Deinit
                0x0000000000000000       0x94 stm32_f103c6_drivers/stm32f103c6_EXTI_driver2.o
 .text.MCAL_GPIO_EXTI_update
                0x0000000000000000       0x16 stm32_f103c6_drivers/stm32f103c6_EXTI_driver2.o
 .debug_macro   0x0000000000000000      0xa60 stm32_f103c6_drivers/stm32f103c6_EXTI_driver2.o
 .debug_macro   0x0000000000000000       0x18 stm32_f103c6_drivers/stm32f103c6_EXTI_driver2.o
 .debug_macro   0x0000000000000000       0x22 stm32_f103c6_drivers/stm32f103c6_EXTI_driver2.o
 .debug_macro   0x0000000000000000       0x40 stm32_f103c6_drivers/stm32f103c6_EXTI_driver2.o
 .debug_macro   0x0000000000000000       0x94 stm32_f103c6_drivers/stm32f103c6_EXTI_driver2.o
 .debug_macro   0x0000000000000000       0x3c stm32_f103c6_drivers/stm32f103c6_EXTI_driver2.o
 .debug_macro   0x0000000000000000       0x34 stm32_f103c6_drivers/stm32f103c6_EXTI_driver2.o
 .debug_macro   0x0000000000000000       0x16 stm32_f103c6_drivers/stm32f103c6_EXTI_driver2.o
 .debug_macro   0x0000000000000000      0x10e stm32_f103c6_drivers/stm32f103c6_EXTI_driver2.o
 .debug_macro   0x0000000000000000       0x8d stm32_f103c6_drivers/stm32f103c6_EXTI_driver2.o
 .debug_macro   0x0000000000000000       0x57 stm32_f103c6_drivers/stm32f103c6_EXTI_driver2.o
 .debug_macro   0x0000000000000000       0x52 stm32_f103c6_drivers/stm32f103c6_EXTI_driver2.o
 .debug_macro   0x0000000000000000       0x1f stm32_f103c6_drivers/stm32f103c6_EXTI_driver2.o
 .debug_macro   0x0000000000000000       0x43 stm32_f103c6_drivers/stm32f103c6_EXTI_driver2.o
 .debug_macro   0x0000000000000000       0x20 stm32_f103c6_drivers/stm32f103c6_EXTI_driver2.o
 .debug_macro   0x0000000000000000      0x1a3 stm32_f103c6_drivers/stm32f103c6_EXTI_driver2.o
 .debug_macro   0x0000000000000000      0x330 stm32_f103c6_drivers/stm32f103c6_EXTI_driver2.o
 .debug_macro   0x0000000000000000       0x16 stm32_f103c6_drivers/stm32f103c6_EXTI_driver2.o
 .debug_macro   0x0000000000000000       0x29 stm32_f103c6_drivers/stm32f103c6_EXTI_driver2.o
 .debug_macro   0x0000000000000000       0xef stm32_f103c6_drivers/stm32f103c6_EXTI_driver2.o
 .debug_macro   0x0000000000000000       0x6a stm32_f103c6_drivers/stm32f103c6_EXTI_driver2.o
 .debug_macro   0x0000000000000000      0x1df stm32_f103c6_drivers/stm32f103c6_EXTI_driver2.o
 .debug_macro   0x0000000000000000      0x1a2 stm32_f103c6_drivers/stm32f103c6_EXTI_driver2.o
 .debug_macro   0x0000000000000000      0x21c stm32_f103c6_drivers/stm32f103c6_EXTI_driver2.o
 .group         0x0000000000000000        0xc stm32_f103c6_drivers/stm32f103c6_gpio_driver.o
 .group         0x0000000000000000        0xc stm32_f103c6_drivers/stm32f103c6_gpio_driver.o
 .group         0x0000000000000000        0xc stm32_f103c6_drivers/stm32f103c6_gpio_driver.o
 .group         0x0000000000000000        0xc stm32_f103c6_drivers/stm32f103c6_gpio_driver.o
 .group         0x0000000000000000        0xc stm32_f103c6_drivers/stm32f103c6_gpio_driver.o
 .group         0x0000000000000000        0xc stm32_f103c6_drivers/stm32f103c6_gpio_driver.o
 .group         0x0000000000000000        0xc stm32_f103c6_drivers/stm32f103c6_gpio_driver.o
 .group         0x0000000000000000        0xc stm32_f103c6_drivers/stm32f103c6_gpio_driver.o
 .group         0x0000000000000000        0xc stm32_f103c6_drivers/stm32f103c6_gpio_driver.o
 .group         0x0000000000000000        0xc stm32_f103c6_drivers/stm32f103c6_gpio_driver.o
 .group         0x0000000000000000        0xc stm32_f103c6_drivers/stm32f103c6_gpio_driver.o
 .group         0x0000000000000000        0xc stm32_f103c6_drivers/stm32f103c6_gpio_driver.o
 .group         0x0000000000000000        0xc stm32_f103c6_drivers/stm32f103c6_gpio_driver.o
 .group         0x0000000000000000        0xc stm32_f103c6_drivers/stm32f103c6_gpio_driver.o
 .group         0x0000000000000000        0xc stm32_f103c6_drivers/stm32f103c6_gpio_driver.o
 .group         0x0000000000000000        0xc stm32_f103c6_drivers/stm32f103c6_gpio_driver.o
 .group         0x0000000000000000        0xc stm32_f103c6_drivers/stm32f103c6_gpio_driver.o
 .group         0x0000000000000000        0xc stm32_f103c6_drivers/stm32f103c6_gpio_driver.o
 .group         0x0000000000000000        0xc stm32_f103c6_drivers/stm32f103c6_gpio_driver.o
 .group         0x0000000000000000        0xc stm32_f103c6_drivers/stm32f103c6_gpio_driver.o
 .group         0x0000000000000000        0xc stm32_f103c6_drivers/stm32f103c6_gpio_driver.o
 .group         0x0000000000000000        0xc stm32_f103c6_drivers/stm32f103c6_gpio_driver.o
 .group         0x0000000000000000        0xc stm32_f103c6_drivers/stm32f103c6_gpio_driver.o
 .group         0x0000000000000000        0xc stm32_f103c6_drivers/stm32f103c6_gpio_driver.o
 .text          0x0000000000000000        0x0 stm32_f103c6_drivers/stm32f103c6_gpio_driver.o
 .data          0x0000000000000000        0x0 stm32_f103c6_drivers/stm32f103c6_gpio_driver.o
 .bss           0x0000000000000000        0x0 stm32_f103c6_drivers/stm32f103c6_gpio_driver.o
 .text.MCAL_GPIO_DEINIT
                0x0000000000000000       0xd4 stm32_f103c6_drivers/stm32f103c6_gpio_driver.o
 .text.MCAL_GPIO_Read_Pin
                0x0000000000000000       0x38 stm32_f103c6_drivers/stm32f103c6_gpio_driver.o
 .text.MCAL_GPIO_Read_Port
                0x0000000000000000       0x1a stm32_f103c6_drivers/stm32f103c6_gpio_driver.o
 .text.MCAL_GPIO_toggle_Pin
                0x0000000000000000       0x22 stm32_f103c6_drivers/stm32f103c6_gpio_driver.o
 .text.MCAL_GPIO_lock_Pin
                0x0000000000000000       0x4e stm32_f103c6_drivers/stm32f103c6_gpio_driver.o
 .debug_macro   0x0000000000000000      0xa60 stm32_f103c6_drivers/stm32f103c6_gpio_driver.o
 .debug_macro   0x0000000000000000       0x18 stm32_f103c6_drivers/stm32f103c6_gpio_driver.o
 .debug_macro   0x0000000000000000       0x22 stm32_f103c6_drivers/stm32f103c6_gpio_driver.o
 .debug_macro   0x0000000000000000       0x40 stm32_f103c6_drivers/stm32f103c6_gpio_driver.o
 .debug_macro   0x0000000000000000       0x94 stm32_f103c6_drivers/stm32f103c6_gpio_driver.o
 .debug_macro   0x0000000000000000       0x3c stm32_f103c6_drivers/stm32f103c6_gpio_driver.o
 .debug_macro   0x0000000000000000       0x34 stm32_f103c6_drivers/stm32f103c6_gpio_driver.o
 .debug_macro   0x0000000000000000       0x16 stm32_f103c6_drivers/stm32f103c6_gpio_driver.o
 .debug_macro   0x0000000000000000      0x10e stm32_f103c6_drivers/stm32f103c6_gpio_driver.o
 .debug_macro   0x0000000000000000       0x8d stm32_f103c6_drivers/stm32f103c6_gpio_driver.o
 .debug_macro   0x0000000000000000       0x57 stm32_f103c6_drivers/stm32f103c6_gpio_driver.o
 .debug_macro   0x0000000000000000       0x52 stm32_f103c6_drivers/stm32f103c6_gpio_driver.o
 .debug_macro   0x0000000000000000       0x1f stm32_f103c6_drivers/stm32f103c6_gpio_driver.o
 .debug_macro   0x0000000000000000       0x43 stm32_f103c6_drivers/stm32f103c6_gpio_driver.o
 .debug_macro   0x0000000000000000       0x20 stm32_f103c6_drivers/stm32f103c6_gpio_driver.o
 .debug_macro   0x0000000000000000      0x1a3 stm32_f103c6_drivers/stm32f103c6_gpio_driver.o
 .debug_macro   0x0000000000000000      0x330 stm32_f103c6_drivers/stm32f103c6_gpio_driver.o
 .debug_macro   0x0000000000000000       0x16 stm32_f103c6_drivers/stm32f103c6_gpio_driver.o
 .debug_macro   0x0000000000000000       0x29 stm32_f103c6_drivers/stm32f103c6_gpio_driver.o
 .debug_macro   0x0000000000000000       0xef stm32_f103c6_drivers/stm32f103c6_gpio_driver.o
 .debug_macro   0x0000000000000000       0x6a stm32_f103c6_drivers/stm32f103c6_gpio_driver.o
 .debug_macro   0x0000000000000000      0x1df stm32_f103c6_drivers/stm32f103c6_gpio_driver.o
 .debug_macro   0x0000000000000000      0x1a2 stm32_f103c6_drivers/stm32f103c6_gpio_driver.o
 .debug_macro   0x0000000000000000       0xd0 stm32_f103c6_drivers/stm32f103c6_gpio_driver.o
 .text          0x0000000000000000        0x0 c:/st/stm32cubeide_1.4.0/stm32cubeide/plugins/com.st.stm32cube.ide.mcu.externaltools.gnu-tools-for-stm32.7-2018-q2-update.win32_1.4.0.202007081208/tools/bin/../lib/gcc/arm-none-eabi/7.3.1/../../../../arm-none-eabi/lib/thumb/v7-m\libc_nano.a(lib_a-errno.o)
 .data          0x0000000000000000        0x0 c:/st/stm32cubeide_1.4.0/stm32cubeide/plugins/com.st.stm32cube.ide.mcu.externaltools.gnu-tools-for-stm32.7-2018-q2-update.win32_1.4.0.202007081208/tools/bin/../lib/gcc/arm-none-eabi/7.3.1/../../../../arm-none-eabi/lib/thumb/v7-m\libc_nano.a(lib_a-errno.o)
 .bss           0x0000000000000000        0x0 c:/st/stm32cubeide_1.4.0/stm32cubeide/plugins/com.st.stm32cube.ide.mcu.externaltools.gnu-tools-for-stm32.7-2018-q2-update.win32_1.4.0.202007081208/tools/bin/../lib/gcc/arm-none-eabi/7.3.1/../../../../arm-none-eabi/lib/thumb/v7-m\libc_nano.a(lib_a-errno.o)
 .text.__errno  0x0000000000000000        0xc c:/st/stm32cubeide_1.4.0/stm32cubeide/plugins/com.st.stm32cube.ide.mcu.externaltools.gnu-tools-for-stm32.7-2018-q2-update.win32_1.4.0.202007081208/tools/bin/../lib/gcc/arm-none-eabi/7.3.1/../../../../arm-none-eabi/lib/thumb/v7-m\libc_nano.a(lib_a-errno.o)
 .debug_frame   0x0000000000000000       0x20 c:/st/stm32cubeide_1.4.0/stm32cubeide/plugins/com.st.stm32cube.ide.mcu.externaltools.gnu-tools-for-stm32.7-2018-q2-update.win32_1.4.0.202007081208/tools/bin/../lib/gcc/arm-none-eabi/7.3.1/../../../../arm-none-eabi/lib/thumb/v7-m\libc_nano.a(lib_a-errno.o)
 .ARM.attributes
                0x0000000000000000       0x2d c:/st/stm32cubeide_1.4.0/stm32cubeide/plugins/com.st.stm32cube.ide.mcu.externaltools.gnu-tools-for-stm32.7-2018-q2-update.win32_1.4.0.202007081208/tools/bin/../lib/gcc/arm-none-eabi/7.3.1/../../../../arm-none-eabi/lib/thumb/v7-m\libc_nano.a(lib_a-errno.o)
 .text          0x0000000000000000        0x0 c:/st/stm32cubeide_1.4.0/stm32cubeide/plugins/com.st.stm32cube.ide.mcu.externaltools.gnu-tools-for-stm32.7-2018-q2-update.win32_1.4.0.202007081208/tools/bin/../lib/gcc/arm-none-eabi/7.3.1/../../../../arm-none-eabi/lib/thumb/v7-m\libc_nano.a(lib_a-exit.o)
 .data          0x0000000000000000        0x0 c:/st/stm32cubeide_1.4.0/stm32cubeide/plugins/com.st.stm32cube.ide.mcu.externaltools.gnu-tools-for-stm32.7-2018-q2-update.win32_1.4.0.202007081208/tools/bin/../lib/gcc/arm-none-eabi/7.3.1/../../../../arm-none-eabi/lib/thumb/v7-m\libc_nano.a(lib_a-exit.o)
 .bss           0x0000000000000000        0x0 c:/st/stm32cubeide_1.4.0/stm32cubeide/plugins/com.st.stm32cube.ide.mcu.externaltools.gnu-tools-for-stm32.7-2018-q2-update.win32_1.4.0.202007081208/tools/bin/../lib/gcc/arm-none-eabi/7.3.1/../../../../arm-none-eabi/lib/thumb/v7-m\libc_nano.a(lib_a-exit.o)
 .text.exit     0x0000000000000000       0x28 c:/st/stm32cubeide_1.4.0/stm32cubeide/plugins/com.st.stm32cube.ide.mcu.externaltools.gnu-tools-for-stm32.7-2018-q2-update.win32_1.4.0.202007081208/tools/bin/../lib/gcc/arm-none-eabi/7.3.1/../../../../arm-none-eabi/lib/thumb/v7-m\libc_nano.a(lib_a-exit.o)
 .debug_frame   0x0000000000000000       0x28 c:/st/stm32cubeide_1.4.0/stm32cubeide/plugins/com.st.stm32cube.ide.mcu.externaltools.gnu-tools-for-stm32.7-2018-q2-update.win32_1.4.0.202007081208/tools/bin/../lib/gcc/arm-none-eabi/7.3.1/../../../../arm-none-eabi/lib/thumb/v7-m\libc_nano.a(lib_a-exit.o)
 .ARM.attributes
                0x0000000000000000       0x2d c:/st/stm32cubeide_1.4.0/stm32cubeide/plugins/com.st.stm32cube.ide.mcu.externaltools.gnu-tools-for-stm32.7-2018-q2-update.win32_1.4.0.202007081208/tools/bin/../lib/gcc/arm-none-eabi/7.3.1/../../../../arm-none-eabi/lib/thumb/v7-m\libc_nano.a(lib_a-exit.o)
 .text          0x0000000000000000        0x0 c:/st/stm32cubeide_1.4.0/stm32cubeide/plugins/com.st.stm32cube.ide.mcu.externaltools.gnu-tools-for-stm32.7-2018-q2-update.win32_1.4.0.202007081208/tools/bin/../lib/gcc/arm-none-eabi/7.3.1/../../../../arm-none-eabi/lib/thumb/v7-m\libc_nano.a(lib_a-impure.o)
 .data          0x0000000000000000        0x0 c:/st/stm32cubeide_1.4.0/stm32cubeide/plugins/com.st.stm32cube.ide.mcu.externaltools.gnu-tools-for-stm32.7-2018-q2-update.win32_1.4.0.202007081208/tools/bin/../lib/gcc/arm-none-eabi/7.3.1/../../../../arm-none-eabi/lib/thumb/v7-m\libc_nano.a(lib_a-impure.o)
 .bss           0x0000000000000000        0x0 c:/st/stm32cubeide_1.4.0/stm32cubeide/plugins/com.st.stm32cube.ide.mcu.externaltools.gnu-tools-for-stm32.7-2018-q2-update.win32_1.4.0.202007081208/tools/bin/../lib/gcc/arm-none-eabi/7.3.1/../../../../arm-none-eabi/lib/thumb/v7-m\libc_nano.a(lib_a-impure.o)
 .data._impure_ptr
                0x0000000000000000        0x4 c:/st/stm32cubeide_1.4.0/stm32cubeide/plugins/com.st.stm32cube.ide.mcu.externaltools.gnu-tools-for-stm32.7-2018-q2-update.win32_1.4.0.202007081208/tools/bin/../lib/gcc/arm-none-eabi/7.3.1/../../../../arm-none-eabi/lib/thumb/v7-m\libc_nano.a(lib_a-impure.o)
 .data.impure_data
                0x0000000000000000       0x60 c:/st/stm32cubeide_1.4.0/stm32cubeide/plugins/com.st.stm32cube.ide.mcu.externaltools.gnu-tools-for-stm32.7-2018-q2-update.win32_1.4.0.202007081208/tools/bin/../lib/gcc/arm-none-eabi/7.3.1/../../../../arm-none-eabi/lib/thumb/v7-m\libc_nano.a(lib_a-impure.o)
 .rodata._global_impure_ptr
                0x0000000000000000        0x4 c:/st/stm32cubeide_1.4.0/stm32cubeide/plugins/com.st.stm32cube.ide.mcu.externaltools.gnu-tools-for-stm32.7-2018-q2-update.win32_1.4.0.202007081208/tools/bin/../lib/gcc/arm-none-eabi/7.3.1/../../../../arm-none-eabi/lib/thumb/v7-m\libc_nano.a(lib_a-impure.o)
 .ARM.attributes
                0x0000000000000000       0x2d c:/st/stm32cubeide_1.4.0/stm32cubeide/plugins/com.st.stm32cube.ide.mcu.externaltools.gnu-tools-for-stm32.7-2018-q2-update.win32_1.4.0.202007081208/tools/bin/../lib/gcc/arm-none-eabi/7.3.1/../../../../arm-none-eabi/lib/thumb/v7-m\libc_nano.a(lib_a-impure.o)
 .text          0x0000000000000000        0x0 c:/st/stm32cubeide_1.4.0/stm32cubeide/plugins/com.st.stm32cube.ide.mcu.externaltools.gnu-tools-for-stm32.7-2018-q2-update.win32_1.4.0.202007081208/tools/bin/../lib/gcc/arm-none-eabi/7.3.1/../../../../arm-none-eabi/lib/thumb/v7-m\libc_nano.a(lib_a-init.o)
 .data          0x0000000000000000        0x0 c:/st/stm32cubeide_1.4.0/stm32cubeide/plugins/com.st.stm32cube.ide.mcu.externaltools.gnu-tools-for-stm32.7-2018-q2-update.win32_1.4.0.202007081208/tools/bin/../lib/gcc/arm-none-eabi/7.3.1/../../../../arm-none-eabi/lib/thumb/v7-m\libc_nano.a(lib_a-init.o)
 .bss           0x0000000000000000        0x0 c:/st/stm32cubeide_1.4.0/stm32cubeide/plugins/com.st.stm32cube.ide.mcu.externaltools.gnu-tools-for-stm32.7-2018-q2-update.win32_1.4.0.202007081208/tools/bin/../lib/gcc/arm-none-eabi/7.3.1/../../../../arm-none-eabi/lib/thumb/v7-m\libc_nano.a(lib_a-init.o)
 .text          0x0000000000000000        0x0 c:/st/stm32cubeide_1.4.0/stm32cubeide/plugins/com.st.stm32cube.ide.mcu.externaltools.gnu-tools-for-stm32.7-2018-q2-update.win32_1.4.0.202007081208/tools/bin/../lib/gcc/arm-none-eabi/7.3.1/../../../../arm-none-eabi/lib/thumb/v7-m\libc_nano.a(lib_a-memset.o)
 .data          0x0000000000000000        0x0 c:/st/stm32cubeide_1.4.0/stm32cubeide/plugins/com.st.stm32cube.ide.mcu.externaltools.gnu-tools-for-stm32.7-2018-q2-update.win32_1.4.0.202007081208/tools/bin/../lib/gcc/arm-none-eabi/7.3.1/../../../../arm-none-eabi/lib/thumb/v7-m\libc_nano.a(lib_a-memset.o)
 .bss           0x0000000000000000        0x0 c:/st/stm32cubeide_1.4.0/stm32cubeide/plugins/com.st.stm32cube.ide.mcu.externaltools.gnu-tools-for-stm32.7-2018-q2-update.win32_1.4.0.202007081208/tools/bin/../lib/gcc/arm-none-eabi/7.3.1/../../../../arm-none-eabi/lib/thumb/v7-m\libc_nano.a(lib_a-memset.o)
 .text.memset   0x0000000000000000       0x10 c:/st/stm32cubeide_1.4.0/stm32cubeide/plugins/com.st.stm32cube.ide.mcu.externaltools.gnu-tools-for-stm32.7-2018-q2-update.win32_1.4.0.202007081208/tools/bin/../lib/gcc/arm-none-eabi/7.3.1/../../../../arm-none-eabi/lib/thumb/v7-m\libc_nano.a(lib_a-memset.o)
 .debug_frame   0x0000000000000000       0x20 c:/st/stm32cubeide_1.4.0/stm32cubeide/plugins/com.st.stm32cube.ide.mcu.externaltools.gnu-tools-for-stm32.7-2018-q2-update.win32_1.4.0.202007081208/tools/bin/../lib/gcc/arm-none-eabi/7.3.1/../../../../arm-none-eabi/lib/thumb/v7-m\libc_nano.a(lib_a-memset.o)
 .ARM.attributes
                0x0000000000000000       0x2d c:/st/stm32cubeide_1.4.0/stm32cubeide/plugins/com.st.stm32cube.ide.mcu.externaltools.gnu-tools-for-stm32.7-2018-q2-update.win32_1.4.0.202007081208/tools/bin/../lib/gcc/arm-none-eabi/7.3.1/../../../../arm-none-eabi/lib/thumb/v7-m\libc_nano.a(lib_a-memset.o)
 .text          0x0000000000000000        0x0 c:/st/stm32cubeide_1.4.0/stm32cubeide/plugins/com.st.stm32cube.ide.mcu.externaltools.gnu-tools-for-stm32.7-2018-q2-update.win32_1.4.0.202007081208/tools/bin/../lib/gcc/arm-none-eabi/7.3.1/thumb/v7-m/crtend.o
 .data          0x0000000000000000        0x0 c:/st/stm32cubeide_1.4.0/stm32cubeide/plugins/com.st.stm32cube.ide.mcu.externaltools.gnu-tools-for-stm32.7-2018-q2-update.win32_1.4.0.202007081208/tools/bin/../lib/gcc/arm-none-eabi/7.3.1/thumb/v7-m/crtend.o
 .bss           0x0000000000000000        0x0 c:/st/stm32cubeide_1.4.0/stm32cubeide/plugins/com.st.stm32cube.ide.mcu.externaltools.gnu-tools-for-stm32.7-2018-q2-update.win32_1.4.0.202007081208/tools/bin/../lib/gcc/arm-none-eabi/7.3.1/thumb/v7-m/crtend.o
 .eh_frame      0x0000000000000000        0x4 c:/st/stm32cubeide_1.4.0/stm32cubeide/plugins/com.st.stm32cube.ide.mcu.externaltools.gnu-tools-for-stm32.7-2018-q2-update.win32_1.4.0.202007081208/tools/bin/../lib/gcc/arm-none-eabi/7.3.1/thumb/v7-m/crtend.o
 .ARM.attributes
                0x0000000000000000       0x2d c:/st/stm32cubeide_1.4.0/stm32cubeide/plugins/com.st.stm32cube.ide.mcu.externaltools.gnu-tools-for-stm32.7-2018-q2-update.win32_1.4.0.202007081208/tools/bin/../lib/gcc/arm-none-eabi/7.3.1/thumb/v7-m/crtend.o
 .text          0x0000000000000000        0x0 c:/st/stm32cubeide_1.4.0/stm32cubeide/plugins/com.st.stm32cube.ide.mcu.externaltools.gnu-tools-for-stm32.7-2018-q2-update.win32_1.4.0.202007081208/tools/bin/../lib/gcc/arm-none-eabi/7.3.1/thumb/v7-m/crtn.o
 .data          0x0000000000000000        0x0 c:/st/stm32cubeide_1.4.0/stm32cubeide/plugins/com.st.stm32cube.ide.mcu.externaltools.gnu-tools-for-stm32.7-2018-q2-update.win32_1.4.0.202007081208/tools/bin/../lib/gcc/arm-none-eabi/7.3.1/thumb/v7-m/crtn.o
 .bss           0x0000000000000000        0x0 c:/st/stm32cubeide_1.4.0/stm32cubeide/plugins/com.st.stm32cube.ide.mcu.externaltools.gnu-tools-for-stm32.7-2018-q2-update.win32_1.4.0.202007081208/tools/bin/../lib/gcc/arm-none-eabi/7.3.1/thumb/v7-m/crtn.o

Memory Configuration

Name             Origin             Length             Attributes
RAM              0x0000000020000000 0x0000000000002800 xrw
ROM              0x0000000008000000 0x0000000000008000 xr
*default*        0x0000000000000000 0xffffffffffffffff

Linker script and memory map

LOAD c:/st/stm32cubeide_1.4.0/stm32cubeide/plugins/com.st.stm32cube.ide.mcu.externaltools.gnu-tools-for-stm32.7-2018-q2-update.win32_1.4.0.202007081208/tools/bin/../lib/gcc/arm-none-eabi/7.3.1/thumb/v7-m/crti.o
LOAD c:/st/stm32cubeide_1.4.0/stm32cubeide/plugins/com.st.stm32cube.ide.mcu.externaltools.gnu-tools-for-stm32.7-2018-q2-update.win32_1.4.0.202007081208/tools/bin/../lib/gcc/arm-none-eabi/7.3.1/thumb/v7-m/crtbegin.o
LOAD c:/st/stm32cubeide_1.4.0/stm32cubeide/plugins/com.st.stm32cube.ide.mcu.externaltools.gnu-tools-for-stm32.7-2018-q2-update.win32_1.4.0.202007081208/tools/bin/../lib/gcc/arm-none-eabi/7.3.1/../../../../arm-none-eabi/lib/thumb/v7-m/crt0.o
LOAD Src/lcd.o
LOAD Src/main.o
LOAD Src/syscalls.o
LOAD Src/sysmem.o
LOAD Startup/startup_stm32f103c6tx.o
LOAD stm32_f103c6_drivers/keypad_driver/keypad.o
LOAD stm32_f103c6_drivers/stm32f103c6_EXTI_driver2.o
LOAD stm32_f103c6_drivers/stm32f103c6_gpio_driver.o
START GROUP
LOAD c:/st/stm32cubeide_1.4.0/stm32cubeide/plugins/com.st.stm32cube.ide.mcu.externaltools.gnu-tools-for-stm32.7-2018-q2-update.win32_1.4.0.202007081208/tools/bin/../lib/gcc/arm-none-eabi/7.3.1/../../../../arm-none-eabi/lib/thumb/v7-m\libc_nano.a
LOAD c:/st/stm32cubeide_1.4.0/stm32cubeide/plugins/com.st.stm32cube.ide.mcu.externaltools.gnu-tools-for-stm32.7-2018-q2-update.win32_1.4.0.202007081208/tools/bin/../lib/gcc/arm-none-eabi/7.3.1/../../../../arm-none-eabi/lib/thumb/v7-m\libm.a
END GROUP
START GROUP
LOAD c:/st/stm32cubeide_1.4.0/stm32cubeide/plugins/com.st.stm32cube.ide.mcu.externaltools.gnu-tools-for-stm32.7-2018-q2-update.win32_1.4.0.202007081208/tools/bin/../lib/gcc/arm-none-eabi/7.3.1/thumb/v7-m\libgcc.a
LOAD c:/st/stm32cubeide_1.4.0/stm32cubeide/plugins/com.st.stm32cube.ide.mcu.externaltools.gnu-tools-for-stm32.7-2018-q2-update.win32_1.4.0.202007081208/tools/bin/../lib/gcc/arm-none-eabi/7.3.1/../../../../arm-none-eabi/lib/thumb/v7-m\libg_nano.a
LOAD c:/st/stm32cubeide_1.4.0/stm32cubeide/plugins/com.st.stm32cube.ide.mcu.externaltools.gnu-tools-for-stm32.7-2018-q2-update.win32_1.4.0.202007081208/tools/bin/../lib/gcc/arm-none-eabi/7.3.1/../../../../arm-none-eabi/lib/thumb/v7-m\libc_nano.a
END GROUP
START GROUP
LOAD c:/st/stm32cubeide_1.4.0/stm32cubeide/plugins/com.st.stm32cube.ide.mcu.externaltools.gnu-tools-for-stm32.7-2018-q2-update.win32_1.4.0.202007081208/tools/bin/../lib/gcc/arm-none-eabi/7.3.1/thumb/v7-m\libgcc.a
LOAD c:/st/stm32cubeide_1.4.0/stm32cubeide/plugins/com.st.stm32cube.ide.mcu.externaltools.gnu-tools-for-stm32.7-2018-q2-update.win32_1.4.0.202007081208/tools/bin/../lib/gcc/arm-none-eabi/7.3.1/../../../../arm-none-eabi/lib/thumb/v7-m\libc_nano.a
LOAD c:/st/stm32cubeide_1.4.0/stm32cubeide/plugins/com.st.stm32cube.ide.mcu.externaltools.gnu-tools-for-stm32.7-2018-q2-update.win32_1.4.0.202007081208/tools/bin/../lib/gcc/arm-none-eabi/7.3.1/../../../../arm-none-eabi/lib/thumb/v7-m\libnosys.a
END GROUP
START GROUP
LOAD c:/st/stm32cubeide_1.4.0/stm32cubeide/plugins/com.st.stm32cube.ide.mcu.externaltools.gnu-tools-for-stm32.7-2018-q2-update.win32_1.4.0.202007081208/tools/bin/../lib/gcc/arm-none-eabi/7.3.1/thumb/v7-m\libgcc.a
LOAD c:/st/stm32cubeide_1.4.0/stm32cubeide/plugins/com.st.stm32cube.ide.mcu.externaltools.gnu-tools-for-stm32.7-2018-q2-update.win32_1.4.0.202007081208/tools/bin/../lib/gcc/arm-none-eabi/7.3.1/../../../../arm-none-eabi/lib/thumb/v7-m\libc_nano.a
LOAD c:/st/stm32cubeide_1.4.0/stm32cubeide/plugins/com.st.stm32cube.ide.mcu.externaltools.gnu-tools-for-stm32.7-2018-q2-update.win32_1.4.0.202007081208/tools/bin/../lib/gcc/arm-none-eabi/7.3.1/../../../../arm-none-eabi/lib/thumb/v7-m\libnosys.a
END GROUP
LOAD c:/st/stm32cubeide_1.4.0/stm32cubeide/plugins/com.st.stm32cube.ide.mcu.externaltools.gnu-tools-for-stm32.7-2018-q2-update.win32_1.4.0.202007081208/tools/bin/../lib/gcc/arm-none-eabi/7.3.1/thumb/v7-m/crtend.o
LOAD c:/st/stm32cubeide_1.4.0/stm32cubeide/plugins/com.st.stm32cube.ide.mcu.externaltools.gnu-tools-for-stm32.7-2018-q2-update.win32_1.4.0.202007081208/tools/bin/../lib/gcc/arm-none-eabi/7.3.1/thumb/v7-m/crtn.o
                0x0000000020002800                _estack = (ORIGIN (RAM) + LENGTH (RAM))
                0x0000000000000200                _Min_Heap_Size = 0x200
                0x0000000000000400                _Min_Stack_Size = 0x400

.isr_vector     0x0000000008000000      0x130
                0x0000000008000000                . = ALIGN (0x4)
 *(.isr_vector)
 .isr_vector    0x0000000008000000      0x130 Startup/startup_stm32f103c6tx.o
                0x0000000008000000                g_pfnVectors
                0x0000000008000130                . = ALIGN (0x4)

.text           0x0000000008000130      0xd78
                0x0000000008000130                . = ALIGN (0x4)
 *(.text)
 .text          0x0000000008000130       0x40 c:/st/stm32cubeide_1.4.0/stm32cubeide/plugins/com.st.stm32cube.ide.mcu.externaltools.gnu-tools-for-stm32.7-2018-q2-update.win32_1.4.0.202007081208/tools/bin/../lib/gcc/arm-none-eabi/7.3.1/thumb/v7-m/crtbegin.o
 *(.text*)
 .text.wait     0x0000000008000170       0x38 Src/lcd.o
                0x0000000008000170                wait
 .text.LCD_Clear_Screen
                0x00000000080001a8        0xe Src/lcd.o
                0x00000000080001a8                LCD_Clear_Screen
 *fill*         0x00000000080001b6        0x2 
 .text.LCD_ENABLE
                0x00000000080001b8       0x2c Src/lcd.o
                0x00000000080001b8                LCD_ENABLE
 .text.LCD_is_busy
                0x00000000080001e4       0xd8 Src/lcd.o
                0x00000000080001e4                LCD_is_busy
 .text.LCD_init
                0x00000000080002bc      0x184 Src/lcd.o
                0x00000000080002bc                LCD_init
 .text.LCD_WRITE_COMMAND
                0x0000000008000440       0x44 Src/lcd.o
                0x0000000008000440                LCD_WRITE_COMMAND
 .text.LCD_WRITE_CHAR
                0x0000000008000484       0x44 Src/lcd.o
                0x0000000008000484                LCD_WRITE_CHAR
 .text.LCD_GO_TO_XY
                0x00000000080004c8       0x3c Src/lcd.o
                0x00000000080004c8                LCD_GO_TO_XY
 .text.LCD_WRITE_STRING
                0x0000000008000504       0x5a Src/lcd.o
                0x0000000008000504                LCD_WRITE_STRING
 .text.delay    0x000000000800055e       0x38 Src/main.o
                0x000000000800055e                delay
 *fill*         0x0000000008000596        0x2 
 .text.enable_clock
                0x0000000008000598       0x34 Src/main.o
                0x0000000008000598                enable_clock
 .text.EXTI9PB9_callback
                0x00000000080005cc       0x20 Src/main.o
                0x00000000080005cc                EXTI9PB9_callback
 .text.main     0x00000000080005ec       0x38 Src/main.o
                0x00000000080005ec                main
 .text.Reset_Handler
                0x0000000008000624       0x50 Startup/startup_stm32f103c6tx.o
                0x0000000008000624                Reset_Handler
 .text.Default_Handler
                0x0000000008000674        0x2 Startup/startup_stm32f103c6tx.o
                0x0000000008000674                TIM8_TRG_COM_IRQHandler
                0x0000000008000674                TIM8_CC_IRQHandler
                0x0000000008000674                DebugMon_Handler
                0x0000000008000674                TIM1_CC_IRQHandler
                0x0000000008000674                HardFault_Handler
                0x0000000008000674                TIM6_IRQHandler
                0x0000000008000674                SysTick_Handler
                0x0000000008000674                PVD_IRQHandler
                0x0000000008000674                SDIO_IRQHandler
                0x0000000008000674                PendSV_Handler
                0x0000000008000674                NMI_Handler
                0x0000000008000674                USB_HP_CAN_TX_IRQHandler
                0x0000000008000674                I2C2_EV_IRQHandler
                0x0000000008000674                UsageFault_Handler
                0x0000000008000674                ADC1_2_IRQHandler
                0x0000000008000674                SPI1_IRQHandler
                0x0000000008000674                CAN_SCE_IRQHandler
                0x0000000008000674                TAMPER_IRQHandler
                0x0000000008000674                TIM8_UP_IRQHandler
                0x0000000008000674                DMA2_Channel2_IRQHandler
                0x0000000008000674                DMA1_Channel4_IRQHandler
                0x0000000008000674                USART3_IRQHandler
                0x0000000008000674                RTC_IRQHandler
                0x0000000008000674                DMA1_Channel7_IRQHandler
                0x0000000008000674                UART5_IRQHandler
                0x0000000008000674                ADC3_IRQHandler
                0x0000000008000674                TIM4_IRQHandler
                0x0000000008000674                CAN_RX1_IRQHandler
                0x0000000008000674                DMA2_Channel1_IRQHandler
                0x0000000008000674                I2C1_EV_IRQHandler
                0x0000000008000674                DMA1_Channel6_IRQHandler
                0x0000000008000674                UART4_IRQHandler
                0x0000000008000674                TIM3_IRQHandler
                0x0000000008000674                RCC_IRQHandler
                0x0000000008000674                TIM1_TRG_COM_IRQHandler
                0x0000000008000674                DMA1_Channel1_IRQHandler
                0x0000000008000674                Default_Handler
                0x0000000008000674                TIM7_IRQHandler
                0x0000000008000674                TIM5_IRQHandler
                0x0000000008000674                SPI2_IRQHandler
                0x0000000008000674                USB_LP_CAN_RX0_IRQHandler
                0x0000000008000674                MemManage_Handler
                0x0000000008000674                SVC_Handler
                0x0000000008000674                DMA1_Channel5_IRQHandler
                0x0000000008000674                DMA1_Channel3_IRQHandler
                0x0000000008000674                FSMC_IRQHandler
                0x0000000008000674                TIM1_UP_IRQHandler
                0x0000000008000674                WWDG_IRQHandler
                0x0000000008000674                TIM2_IRQHandler
                0x0000000008000674                TIM1_BRK_IRQHandler
                0x0000000008000674                RTCAlarm_IRQHandler
                0x0000000008000674                DMA2_Channel4_5_IRQHandler
                0x0000000008000674                USART2_IRQHandler
                0x0000000008000674                I2C2_ER_IRQHandler
                0x0000000008000674                DMA1_Channel2_IRQHandler
                0x0000000008000674                TIM8_BRK_IRQHandler
                0x0000000008000674                FLASH_IRQHandler
                0x0000000008000674                BusFault_Handler
                0x0000000008000674                USART1_IRQHandler
                0x0000000008000674                SPI3_IRQHandler
                0x0000000008000674                I2C1_ER_IRQHandler
                0x0000000008000674                DMA2_Channel3_IRQHandler
 *fill*         0x0000000008000676        0x2 
 .text.Enable_NVIC
                0x0000000008000678       0xcc stm32_f103c6_drivers/stm32f103c6_EXTI_driver2.o
                0x0000000008000678                Enable_NVIC
 .text.Disable_NVIC
                0x0000000008000744       0xcc stm32_f103c6_drivers/stm32f103c6_EXTI_driver2.o
                0x0000000008000744                Disable_NVIC
 .text.Update_EXTI
                0x0000000008000810      0x1d8 stm32_f103c6_drivers/stm32f103c6_EXTI_driver2.o
                0x0000000008000810                Update_EXTI
 .text.MCAL_GPIO_EXTI_init
                0x00000000080009e8       0x16 stm32_f103c6_drivers/stm32f103c6_EXTI_driver2.o
                0x00000000080009e8                MCAL_GPIO_EXTI_init
 *fill*         0x00000000080009fe        0x2 
 .text.EXTI0_IRQHandler
                0x0000000008000a00       0x24 stm32_f103c6_drivers/stm32f103c6_EXTI_driver2.o
                0x0000000008000a00                EXTI0_IRQHandler
 .text.EXTI1_IRQHandler
                0x0000000008000a24       0x24 stm32_f103c6_drivers/stm32f103c6_EXTI_driver2.o
                0x0000000008000a24                EXTI1_IRQHandler
 .text.EXTI2_IRQHandler
                0x0000000008000a48       0x24 stm32_f103c6_drivers/stm32f103c6_EXTI_driver2.o
                0x0000000008000a48                EXTI2_IRQHandler
 .text.EXTI3_IRQHandler
                0x0000000008000a6c       0x24 stm32_f103c6_drivers/stm32f103c6_EXTI_driver2.o
                0x0000000008000a6c                EXTI3_IRQHandler
 .text.EXTI4_IRQHandler
                0x0000000008000a90       0x24 stm32_f103c6_drivers/stm32f103c6_EXTI_driver2.o
                0x0000000008000a90                EXTI4_IRQHandler
 .text.EXTI9_5_IRQHandler
                0x0000000008000ab4       0xa8 stm32_f103c6_drivers/stm32f103c6_EXTI_driver2.o
                0x0000000008000ab4                EXTI9_5_IRQHandler
 .text.EXTI15_10_IRQHandler
                0x0000000008000b5c       0xc4 stm32_f103c6_drivers/stm32f103c6_EXTI_driver2.o
                0x0000000008000b5c                EXTI15_10_IRQHandler
 .text.Get_CRLH_Position
                0x0000000008000c20       0xc4 stm32_f103c6_drivers/stm32f103c6_gpio_driver.o
                0x0000000008000c20                Get_CRLH_Position
 .text.MCAL_GPIO_INIT
                0x0000000008000ce4      0x10a stm32_f103c6_drivers/stm32f103c6_gpio_driver.o
                0x0000000008000ce4                MCAL_GPIO_INIT
 .text.MCAL_GPIO_write_Pin
                0x0000000008000dee       0x3c stm32_f103c6_drivers/stm32f103c6_gpio_driver.o
                0x0000000008000dee                MCAL_GPIO_write_Pin
 .text.MCAL_GPIO_write_Port
                0x0000000008000e2a       0x1c stm32_f103c6_drivers/stm32f103c6_gpio_driver.o
                0x0000000008000e2a                MCAL_GPIO_write_Port
 *fill*         0x0000000008000e46        0x2 
 .text.__libc_init_array
                0x0000000008000e48       0x48 c:/st/stm32cubeide_1.4.0/stm32cubeide/plugins/com.st.stm32cube.ide.mcu.externaltools.gnu-tools-for-stm32.7-2018-q2-update.win32_1.4.0.202007081208/tools/bin/../lib/gcc/arm-none-eabi/7.3.1/../../../../arm-none-eabi/lib/thumb/v7-m\libc_nano.a(lib_a-init.o)
                0x0000000008000e48                __libc_init_array
 *(.glue_7)
 .glue_7        0x0000000008000e90        0x0 linker stubs
 *(.glue_7t)
 .glue_7t       0x0000000008000e90        0x0 linker stubs
 *(.eh_frame)
 .eh_frame      0x0000000008000e90        0x0 c:/st/stm32cubeide_1.4.0/stm32cubeide/plugins/com.st.stm32cube.ide.mcu.externaltools.gnu-tools-for-stm32.7-2018-q2-update.win32_1.4.0.202007081208/tools/bin/../lib/gcc/arm-none-eabi/7.3.1/thumb/v7-m/crtbegin.o
 *(.init)
 .init          0x0000000008000e90        0x4 c:/st/stm32cubeide_1.4.0/stm32cubeide/plugins/com.st.stm32cube.ide.mcu.externaltools.gnu-tools-for-stm32.7-2018-q2-update.win32_1.4.0.202007081208/tools/bin/../lib/gcc/arm-none-eabi/7.3.1/thumb/v7-m/crti.o
                0x0000000008000e90                _init
 .init          0x0000000008000e94        0x8 c:/st/stm32cubeide_1.4.0/stm32cubeide/plugins/com.st.stm32cube.ide.mcu.externaltools.gnu-tools-for-stm32.7-2018-q2-update.win32_1.4.0.202007081208/tools/bin/../lib/gcc/arm-none-eabi/7.3.1/thumb/v7-m/crtn.o
 *(.fini)
 .fini          0x0000000008000e9c        0x4 c:/st/stm32cubeide_1.4.0/stm32cubeide/plugins/com.st.stm32cube.ide.mcu.externaltools.gnu-tools-for-stm32.7-2018-q2-update.win32_1.4.0.202007081208/tools/bin/../lib/gcc/arm-none-eabi/7.3.1/thumb/v7-m/crti.o
                0x0000000008000e9c                _fini
 .fini          0x0000000008000ea0        0x8 c:/st/stm32cubeide_1.4.0/stm32cubeide/plugins/com.st.stm32cube.ide.mcu.externaltools.gnu-tools-for-stm32.7-2018-q2-update.win32_1.4.0.202007081208/tools/bin/../lib/gcc/arm-none-eabi/7.3.1/thumb/v7-m/crtn.o
                0x0000000008000ea8                . = ALIGN (0x4)
                0x0000000008000ea8                _etext = .

.vfp11_veneer   0x0000000008000ea8        0x0
 .vfp11_veneer  0x0000000008000ea8        0x0 linker stubs

.v4_bx          0x0000000008000ea8        0x0
 .v4_bx         0x0000000008000ea8        0x0 linker stubs

.iplt           0x0000000008000ea8        0x0
 .iplt          0x0000000008000ea8        0x0 c:/st/stm32cubeide_1.4.0/stm32cubeide/plugins/com.st.stm32cube.ide.mcu.externaltools.gnu-tools-for-stm32.7-2018-q2-update.win32_1.4.0.202007081208/tools/bin/../lib/gcc/arm-none-eabi/7.3.1/thumb/v7-m/crtbegin.o

.rodata         0x0000000008000ea8       0x28
                0x0000000008000ea8                . = ALIGN (0x4)
 *(.rodata)
 .rodata        0x0000000008000ea8       0x28 Src/main.o
 *(.rodata*)
                0x0000000008000ed0                . = ALIGN (0x4)

.rel.dyn        0x0000000008000ed0        0x0
 .rel.iplt      0x0000000008000ed0        0x0 c:/st/stm32cubeide_1.4.0/stm32cubeide/plugins/com.st.stm32cube.ide.mcu.externaltools.gnu-tools-for-stm32.7-2018-q2-update.win32_1.4.0.202007081208/tools/bin/../lib/gcc/arm-none-eabi/7.3.1/thumb/v7-m/crtbegin.o

.ARM.extab      0x0000000008000ed0        0x0
                0x0000000008000ed0                . = ALIGN (0x4)
 *(.ARM.extab* .gnu.linkonce.armextab.*)
                0x0000000008000ed0                . = ALIGN (0x4)

.ARM            0x0000000008000ed0        0x0
                0x0000000008000ed0                . = ALIGN (0x4)
                0x0000000008000ed0                __exidx_start = .
 *(.ARM.exidx*)
                0x0000000008000ed0                __exidx_end = .
                0x0000000008000ed0                . = ALIGN (0x4)

.preinit_array  0x0000000008000ed0        0x0
                0x0000000008000ed0                . = ALIGN (0x4)
                0x0000000008000ed0                PROVIDE (__preinit_array_start = .)
 *(.preinit_array*)
                0x0000000008000ed0                PROVIDE (__preinit_array_end = .)
                0x0000000008000ed0                . = ALIGN (0x4)

.init_array     0x0000000008000ed0        0x4
                0x0000000008000ed0                . = ALIGN (0x4)
                0x0000000008000ed0                PROVIDE (__init_array_start = .)
 *(SORT_BY_NAME(.init_array.*))
 *(.init_array*)
 .init_array    0x0000000008000ed0        0x4 c:/st/stm32cubeide_1.4.0/stm32cubeide/plugins/com.st.stm32cube.ide.mcu.externaltools.gnu-tools-for-stm32.7-2018-q2-update.win32_1.4.0.202007081208/tools/bin/../lib/gcc/arm-none-eabi/7.3.1/thumb/v7-m/crtbegin.o
                0x0000000008000ed4                PROVIDE (__init_array_end = .)
                0x0000000008000ed4                . = ALIGN (0x4)

.fini_array     0x0000000008000ed4        0x4
                0x0000000008000ed4                . = ALIGN (0x4)
                [!provide]                        PROVIDE (__fini_array_start = .)
 *(SORT_BY_NAME(.fini_array.*))
 *(.fini_array*)
 .fini_array    0x0000000008000ed4        0x4 c:/st/stm32cubeide_1.4.0/stm32cubeide/plugins/com.st.stm32cube.ide.mcu.externaltools.gnu-tools-for-stm32.7-2018-q2-update.win32_1.4.0.202007081208/tools/bin/../lib/gcc/arm-none-eabi/7.3.1/thumb/v7-m/crtbegin.o
                [!provide]                        PROVIDE (__fini_array_end = .)
                0x0000000008000ed8                . = ALIGN (0x4)
                0x0000000008000ed8                _sidata = LOADADDR (.data)

.data           0x0000000020000000        0x0 load address 0x0000000008000ed8
                0x0000000020000000                . = ALIGN (0x4)
                0x0000000020000000                _sdata = .
 *(.data)
 *(.data*)
                0x0000000020000000                . = ALIGN (0x4)
                0x0000000020000000                _edata = .

.igot.plt       0x0000000020000000        0x0 load address 0x0000000008000ed8
 .igot.plt      0x0000000020000000        0x0 c:/st/stm32cubeide_1.4.0/stm32cubeide/plugins/com.st.stm32cube.ide.mcu.externaltools.gnu-tools-for-stm32.7-2018-q2-update.win32_1.4.0.202007081208/tools/bin/../lib/gcc/arm-none-eabi/7.3.1/thumb/v7-m/crtbegin.o
                0x0000000020000000                . = ALIGN (0x4)

.bss            0x0000000020000000       0x5c load address 0x0000000008000ed8
                0x0000000020000000                _sbss = .
                0x0000000020000000                __bss_start__ = _sbss
 *(.bss)
 .bss           0x0000000020000000       0x1c c:/st/stm32cubeide_1.4.0/stm32cubeide/plugins/com.st.stm32cube.ide.mcu.externaltools.gnu-tools-for-stm32.7-2018-q2-update.win32_1.4.0.202007081208/tools/bin/../lib/gcc/arm-none-eabi/7.3.1/thumb/v7-m/crtbegin.o
 *(.bss*)
 *(COMMON)
 COMMON         0x000000002000001c        0x4 Src/lcd.o
                0x000000002000001c                PIN_Config
 COMMON         0x0000000020000020       0x3c stm32_f103c6_drivers/stm32f103c6_EXTI_driver2.o
                0x0000000020000020                GP_IRQ_Callback
                0x000000002000005c                . = ALIGN (0x4)
                0x000000002000005c                _ebss = .
                0x000000002000005c                __bss_end__ = _ebss

._user_heap_stack
                0x000000002000005c      0x604 load address 0x0000000008000ed8
                0x0000000020000060                . = ALIGN (0x8)
 *fill*         0x000000002000005c        0x4 
                [!provide]                        PROVIDE (end = .)
                0x0000000020000060                PROVIDE (_end = .)
                0x0000000020000260                . = (. + _Min_Heap_Size)
 *fill*         0x0000000020000060      0x200 
                0x0000000020000660                . = (. + _Min_Stack_Size)
 *fill*         0x0000000020000260      0x400 
                0x0000000020000660                . = ALIGN (0x8)

/DISCARD/
 libc.a(*)
 libm.a(*)
 libgcc.a(*)

.ARM.attributes
                0x0000000000000000       0x29
 *(.ARM.attributes)
 .ARM.attributes
                0x0000000000000000       0x1d c:/st/stm32cubeide_1.4.0/stm32cubeide/plugins/com.st.stm32cube.ide.mcu.externaltools.gnu-tools-for-stm32.7-2018-q2-update.win32_1.4.0.202007081208/tools/bin/../lib/gcc/arm-none-eabi/7.3.1/thumb/v7-m/crti.o
 .ARM.attributes
                0x000000000000001d       0x2d c:/st/stm32cubeide_1.4.0/stm32cubeide/plugins/com.st.stm32cube.ide.mcu.externaltools.gnu-tools-for-stm32.7-2018-q2-update.win32_1.4.0.202007081208/tools/bin/../lib/gcc/arm-none-eabi/7.3.1/thumb/v7-m/crtbegin.o
 .ARM.attributes
                0x000000000000004a       0x33 Src/lcd.o
 .ARM.attributes
                0x000000000000007d       0x33 Src/main.o
 .ARM.attributes
                0x00000000000000b0       0x21 Startup/startup_stm32f103c6tx.o
 .ARM.attributes
                0x00000000000000d1       0x33 stm32_f103c6_drivers/stm32f103c6_EXTI_driver2.o
 .ARM.attributes
                0x0000000000000104       0x33 stm32_f103c6_drivers/stm32f103c6_gpio_driver.o
 .ARM.attributes
                0x0000000000000137       0x2d c:/st/stm32cubeide_1.4.0/stm32cubeide/plugins/com.st.stm32cube.ide.mcu.externaltools.gnu-tools-for-stm32.7-2018-q2-update.win32_1.4.0.202007081208/tools/bin/../lib/gcc/arm-none-eabi/7.3.1/../../../../arm-none-eabi/lib/thumb/v7-m\libc_nano.a(lib_a-init.o)
 .ARM.attributes
                0x0000000000000164       0x1d c:/st/stm32cubeide_1.4.0/stm32cubeide/plugins/com.st.stm32cube.ide.mcu.externaltools.gnu-tools-for-stm32.7-2018-q2-update.win32_1.4.0.202007081208/tools/bin/../lib/gcc/arm-none-eabi/7.3.1/thumb/v7-m/crtn.o
OUTPUT(drivers.elf elf32-littlearm)

.debug_info     0x0000000000000000     0x3318
 .debug_info    0x0000000000000000      0xbde Src/lcd.o
 .debug_info    0x0000000000000bde      0xc0c Src/main.o
 .debug_info    0x00000000000017ea       0x22 Startup/startup_stm32f103c6tx.o
 .debug_info    0x000000000000180c      0xdb8 stm32_f103c6_drivers/stm32f103c6_EXTI_driver2.o
 .debug_info    0x00000000000025c4      0xd54 stm32_f103c6_drivers/stm32f103c6_gpio_driver.o

.debug_abbrev   0x0000000000000000      0x7e6
 .debug_abbrev  0x0000000000000000      0x1f4 Src/lcd.o
 .debug_abbrev  0x00000000000001f4      0x1e3 Src/main.o
 .debug_abbrev  0x00000000000003d7       0x12 Startup/startup_stm32f103c6tx.o
 .debug_abbrev  0x00000000000003e9      0x210 stm32_f103c6_drivers/stm32f103c6_EXTI_driver2.o
 .debug_abbrev  0x00000000000005f9      0x1ed stm32_f103c6_drivers/stm32f103c6_gpio_driver.o

.debug_loc      0x0000000000000000      0x9a0
 .debug_loc     0x0000000000000000      0x24c Src/lcd.o
 .debug_loc     0x000000000000024c      0x104 Src/main.o
 .debug_loc     0x0000000000000350      0x320 stm32_f103c6_drivers/stm32f103c6_EXTI_driver2.o
 .debug_loc     0x0000000000000670      0x330 stm32_f103c6_drivers/stm32f103c6_gpio_driver.o

.debug_aranges  0x0000000000000000      0x1a0
 .debug_aranges
                0x0000000000000000       0x60 Src/lcd.o
 .debug_aranges
                0x0000000000000060       0x38 Src/main.o
 .debug_aranges
                0x0000000000000098       0x28 Startup/startup_stm32f103c6tx.o
 .debug_aranges
                0x00000000000000c0       0x80 stm32_f103c6_drivers/stm32f103c6_EXTI_driver2.o
 .debug_aranges
                0x0000000000000140       0x60 stm32_f103c6_drivers/stm32f103c6_gpio_driver.o

.debug_ranges   0x0000000000000000      0x158
 .debug_ranges  0x0000000000000000       0x50 Src/lcd.o
 .debug_ranges  0x0000000000000050       0x28 Src/main.o
 .debug_ranges  0x0000000000000078       0x20 Startup/startup_stm32f103c6tx.o
 .debug_ranges  0x0000000000000098       0x70 stm32_f103c6_drivers/stm32f103c6_EXTI_driver2.o
 .debug_ranges  0x0000000000000108       0x50 stm32_f103c6_drivers/stm32f103c6_gpio_driver.o

.debug_macro    0x0000000000000000     0x2250
 .debug_macro   0x0000000000000000      0x152 Src/lcd.o
 .debug_macro   0x0000000000000152      0xa60 Src/lcd.o
 .debug_macro   0x0000000000000bb2       0x18 Src/lcd.o
 .debug_macro   0x0000000000000bca       0x22 Src/lcd.o
 .debug_macro   0x0000000000000bec       0x40 Src/lcd.o
 .debug_macro   0x0000000000000c2c       0x94 Src/lcd.o
 .debug_macro   0x0000000000000cc0       0x3c Src/lcd.o
 .debug_macro   0x0000000000000cfc       0x34 Src/lcd.o
 .debug_macro   0x0000000000000d30       0x16 Src/lcd.o
 .debug_macro   0x0000000000000d46      0x10e Src/lcd.o
 .debug_macro   0x0000000000000e54       0x8d Src/lcd.o
 .debug_macro   0x0000000000000ee1       0x57 Src/lcd.o
 .debug_macro   0x0000000000000f38       0x52 Src/lcd.o
 .debug_macro   0x0000000000000f8a       0x1f Src/lcd.o
 .debug_macro   0x0000000000000fa9       0x43 Src/lcd.o
 .debug_macro   0x0000000000000fec       0x20 Src/lcd.o
 .debug_macro   0x000000000000100c      0x1a3 Src/lcd.o
 .debug_macro   0x00000000000011af      0x330 Src/lcd.o
 .debug_macro   0x00000000000014df       0x16 Src/lcd.o
 .debug_macro   0x00000000000014f5       0x29 Src/lcd.o
 .debug_macro   0x000000000000151e       0xef Src/lcd.o
 .debug_macro   0x000000000000160d       0x6a Src/lcd.o
 .debug_macro   0x0000000000001677      0x1df Src/lcd.o
 .debug_macro   0x0000000000001856      0x1a2 Src/lcd.o
 .debug_macro   0x00000000000019f8       0xd0 Src/lcd.o
 .debug_macro   0x0000000000001ac8       0xa0 Src/lcd.o
 .debug_macro   0x0000000000001b68      0x165 Src/main.o
 .debug_macro   0x0000000000001ccd      0x21c Src/main.o
 .debug_macro   0x0000000000001ee9      0x152 stm32_f103c6_drivers/stm32f103c6_EXTI_driver2.o
 .debug_macro   0x000000000000203b       0xd6 stm32_f103c6_drivers/stm32f103c6_EXTI_driver2.o
 .debug_macro   0x0000000000002111      0x13f stm32_f103c6_drivers/stm32f103c6_gpio_driver.o

.debug_line     0x0000000000000000     0x1a6f
 .debug_line    0x0000000000000000      0x669 Src/lcd.o
 .debug_line    0x0000000000000669      0x5cf Src/main.o
 .debug_line    0x0000000000000c38       0x84 Startup/startup_stm32f103c6tx.o
 .debug_line    0x0000000000000cbc      0x738 stm32_f103c6_drivers/stm32f103c6_EXTI_driver2.o
 .debug_line    0x00000000000013f4      0x67b stm32_f103c6_drivers/stm32f103c6_gpio_driver.o

.debug_str      0x0000000000000000     0x9278
 .debug_str     0x0000000000000000     0x7c58 Src/lcd.o
                                       0x7ec4 (size before relaxing)
 .debug_str     0x0000000000007c58     0x12d2 Src/main.o
                                       0x90b2 (size before relaxing)
 .debug_str     0x0000000000008f2a       0x31 Startup/startup_stm32f103c6tx.o
                                         0x68 (size before relaxing)
 .debug_str     0x0000000000008f5b      0x1f6 stm32_f103c6_drivers/stm32f103c6_EXTI_driver2.o
                                       0x8fff (size before relaxing)
 .debug_str     0x0000000000009151      0x127 stm32_f103c6_drivers/stm32f103c6_gpio_driver.o
                                       0x7d14 (size before relaxing)

.comment        0x0000000000000000       0x7b
 .comment       0x0000000000000000       0x7b Src/lcd.o
                                         0x7c (size before relaxing)
 .comment       0x000000000000007b       0x7c Src/main.o
 .comment       0x000000000000007b       0x7c stm32_f103c6_drivers/stm32f103c6_EXTI_driver2.o
 .comment       0x000000000000007b       0x7c stm32_f103c6_drivers/stm32f103c6_gpio_driver.o

.debug_frame    0x0000000000000000      0x520
 .debug_frame   0x0000000000000000      0x138 Src/lcd.o
 .debug_frame   0x0000000000000138       0x94 Src/main.o
 .debug_frame   0x00000000000001cc      0x1b0 stm32_f103c6_drivers/stm32f103c6_EXTI_driver2.o
 .debug_frame   0x000000000000037c      0x178 stm32_f103c6_drivers/stm32f103c6_gpio_driver.o
 .debug_frame   0x00000000000004f4       0x2c c:/st/stm32cubeide_1.4.0/stm32cubeide/plugins/com.st.stm32cube.ide.mcu.externaltools.gnu-tools-for-stm32.7-2018-q2-update.win32_1.4.0.202007081208/tools/bin/../lib/gcc/arm-none-eabi/7.3.1/../../../../arm-none-eabi/lib/thumb/v7-m\libc_nano.a(lib_a-init.o)
