
Memory Configuration

Name             Origin             Length             Attributes
flash            0x08000000         0x00020000         xr
sram             0x20000000         0x00005000         xrw
*default*        0x00000000         0xffffffff

Linker script and memory map


.text           0x08000000       0xdc
 *(.vectors*)
 .vectors       0x08000000       0x58 startup.o
 *(.text*)
 .text          0x08000058       0x7c main.o
                0x08000058                main
 .text          0x080000d4        0x8 startup.o
 *(.rodata)

.glue_7         0x080000dc        0x0
 .glue_7        0x080000dc        0x0 linker stubs

.glue_7t        0x080000dc        0x0
 .glue_7t       0x080000dc        0x0 linker stubs

.vfp11_veneer   0x080000dc        0x0
 .vfp11_veneer  0x080000dc        0x0 linker stubs

.v4_bx          0x080000dc        0x0
 .v4_bx         0x080000dc        0x0 linker stubs

.iplt           0x080000dc        0x0
 .iplt          0x080000dc        0x0 main.o

.rel.dyn        0x080000dc        0x0
 .rel.iplt      0x080000dc        0x0 main.o

.data           0x080000dc        0x0
 *(.data)
 .data          0x080000dc        0x0 main.o
 .data          0x080000dc        0x0 startup.o

.igot.plt       0x080000dc        0x0
 .igot.plt      0x080000dc        0x0 main.o

.bss            0x20000000        0x0
 *(.bss*)
 .bss           0x20000000        0x0 main.o
 .bss           0x20000000        0x0 startup.o
LOAD main.o
LOAD startup.o
OUTPUT(learn-in-depth-cortex-m3.elf elf32-littlearm)

.debug_info     0x00000000      0xc72
 .debug_info    0x00000000      0xc4c main.o
 .debug_info    0x00000c4c       0x26 startup.o

.debug_abbrev   0x00000000      0x1e0
 .debug_abbrev  0x00000000      0x1cc main.o
 .debug_abbrev  0x000001cc       0x14 startup.o

.debug_loc      0x00000000       0x38
 .debug_loc     0x00000000       0x38 main.o

.debug_aranges  0x00000000       0x40
 .debug_aranges
                0x00000000       0x20 main.o
 .debug_aranges
                0x00000020       0x20 startup.o

.debug_line     0x00000000      0x182
 .debug_line    0x00000000      0x147 main.o
 .debug_line    0x00000147       0x3b startup.o

.debug_str      0x00000000      0x5bd
 .debug_str     0x00000000      0x5ae main.o
                                0x60d (size before relaxing)
 .debug_str     0x000005ae        0xf startup.o
                                 0x52 (size before relaxing)

.comment        0x00000000       0x7e
 .comment       0x00000000       0x7e main.o
                                 0x7f (size before relaxing)

.ARM.attributes
                0x00000000       0x31
 .ARM.attributes
                0x00000000       0x33 main.o
 .ARM.attributes
                0x00000033       0x21 startup.o

.debug_frame    0x00000000       0x2c
 .debug_frame   0x00000000       0x2c main.o
