
Allocating common symbols
Common symbol       size              file

AM_state_id         0x1               alarm_monitor.o
AM_state            0x4               alarm_monitor.o
MA_state            0x4               main.o
PS_state            0x4               main.o
MA_state_id         0x1               main.o
PS_state_id         0x1               main.o

Memory Configuration

Name             Origin             Length             Attributes
flash            0x08000000         0x00020000         xr
sram             0x20000000         0x00005000         xrw
*default*        0x00000000         0xffffffff

Linker script and memory map


.text           0x08000000      0x2e4
 *(.vectors*)
 .vectors       0x08000000       0x1c startup.o
                0x08000000                vectors
 *(.text*)
 .text          0x0800001c       0x6c alarm_monitor.o
                0x0800001c                st_AM_alarmoff
                0x08000034                st_AM_alarmon
                0x0800006c                high_pressure_detected
 .text          0x08000088       0xc4 driver.o
                0x08000088                Delay
                0x080000a8                getPressureVal
                0x080000c0                Set_Alarm_actuator
                0x080000fc                GPIO_INITIALIZATION
 .text          0x0800014c       0x60 main.o
                0x0800014c                setup
                0x08000184                main
 .text          0x080001ac       0x5c main_algo.o
                0x080001ac                st_MA_high_pressure
                0x080001ec                set_pressure
 .text          0x08000208       0x44 pressure_sensor.o
                0x08000208                pressure_sensor_init
                0x08000214                st_PS_reading
 .text          0x0800024c       0x98 startup.o
                0x0800024c                reset_handler
                0x080002d8                usage_fault_handler
                0x080002d8                default_handler
                0x080002d8                hw_fault_handler
                0x080002d8                nmi_handler
                0x080002d8                bus_fault_handler
                0x080002d8                mm_fault_handler
 *(.rodata)
                0x080002e4                . = ALIGN (0x4)
                0x080002e4                _E_text = .

.glue_7         0x080002e4        0x0
 .glue_7        0x080002e4        0x0 linker stubs

.glue_7t        0x080002e4        0x0
 .glue_7t       0x080002e4        0x0 linker stubs

.vfp11_veneer   0x080002e4        0x0
 .vfp11_veneer  0x080002e4        0x0 linker stubs

.v4_bx          0x080002e4        0x0
 .v4_bx         0x080002e4        0x0 linker stubs

.iplt           0x080002e4        0x0
 .iplt          0x080002e4        0x0 alarm_monitor.o

.rel.dyn        0x080002e4        0x0
 .rel.iplt      0x080002e4        0x0 alarm_monitor.o

.data           0x20000000        0x4 load address 0x080002e4
                0x20000000                _S_data = .
 *(.data)
 .data          0x20000000        0x0 alarm_monitor.o
 .data          0x20000000        0x0 driver.o
 .data          0x20000000        0x0 main.o
 .data          0x20000000        0x4 main_algo.o
                0x20000000                threshold
 .data          0x20000004        0x0 pressure_sensor.o
 .data          0x20000004        0x0 startup.o
                0x20000004                . = ALIGN (0x4)
                0x20000004                _E_data = .

.igot.plt       0x20000004        0x0 load address 0x080002e8
 .igot.plt      0x20000004        0x0 alarm_monitor.o

.bss            0x20000004     0x101a load address 0x080002e8
                0x20000004                _S_bss = .
 *(.bss*)
 .bss           0x20000004        0x0 alarm_monitor.o
 .bss           0x20000004        0x0 driver.o
 .bss           0x20000004        0x0 main.o
 .bss           0x20000004        0x4 main_algo.o
                0x20000004                pressurevalue
 .bss           0x20000008        0x4 pressure_sensor.o
                0x20000008                pval
 .bss           0x2000000c        0x0 startup.o
                0x2000000c                . = ALIGN (0x4)
                0x2000000c                _E_bss = .
                0x2000100c                . = (. + 0x1000)
 *fill*         0x2000000c     0x1000 
                0x2000100c                stack_top = .
 COMMON         0x2000100c        0x8 alarm_monitor.o
                0x2000100c                AM_state_id
                0x20001010                AM_state
 COMMON         0x20001014        0xa main.o
                0x20001014                MA_state
                0x20001018                PS_state
                0x2000101c                MA_state_id
                0x2000101d                PS_state_id
LOAD alarm_monitor.o
LOAD driver.o
LOAD main.o
LOAD main_algo.o
LOAD pressure_sensor.o
LOAD startup.o
OUTPUT(pressure_controller.elf elf32-littlearm)

.debug_info     0x00000000     0x3cf5
 .debug_info    0x00000000      0xa05 alarm_monitor.o
 .debug_info    0x00000a05      0xa05 driver.o
 .debug_info    0x0000140a      0xa66 main.o
 .debug_info    0x00001e70      0xa1c main_algo.o
 .debug_info    0x0000288c      0x9fc pressure_sensor.o
 .debug_info    0x00003288      0xa6d startup.o

.debug_abbrev   0x00000000      0xab3
 .debug_abbrev  0x00000000      0x1c3 alarm_monitor.o
 .debug_abbrev  0x000001c3      0x1de driver.o
 .debug_abbrev  0x000003a1      0x1ad main.o
 .debug_abbrev  0x0000054e      0x1d6 main_algo.o
 .debug_abbrev  0x00000724      0x1c3 pressure_sensor.o
 .debug_abbrev  0x000008e7      0x1cc startup.o

.debug_loc      0x00000000      0x3a8
 .debug_loc     0x00000000       0x9c alarm_monitor.o
 .debug_loc     0x0000009c      0x140 driver.o
 .debug_loc     0x000001dc       0x58 main.o
 .debug_loc     0x00000234       0x88 main_algo.o
 .debug_loc     0x000002bc       0x70 pressure_sensor.o
 .debug_loc     0x0000032c       0x7c startup.o

.debug_aranges  0x00000000       0xc0
 .debug_aranges
                0x00000000       0x20 alarm_monitor.o
 .debug_aranges
                0x00000020       0x20 driver.o
 .debug_aranges
                0x00000040       0x20 main.o
 .debug_aranges
                0x00000060       0x20 main_algo.o
 .debug_aranges
                0x00000080       0x20 pressure_sensor.o
 .debug_aranges
                0x000000a0       0x20 startup.o

.debug_line     0x00000000      0x7fa
 .debug_line    0x00000000      0x13a alarm_monitor.o
 .debug_line    0x0000013a      0x1a7 driver.o
 .debug_line    0x000002e1      0x161 main.o
 .debug_line    0x00000442      0x12d main_algo.o
 .debug_line    0x0000056f      0x136 pressure_sensor.o
 .debug_line    0x000006a5      0x155 startup.o

.debug_str      0x00000000      0x6be
 .debug_str     0x00000000      0x515 alarm_monitor.o
                                0x590 (size before relaxing)
 .debug_str     0x00000515       0x57 driver.o
                                0x575 (size before relaxing)
 .debug_str     0x0000056c       0x47 main.o
                                0x5af (size before relaxing)
 .debug_str     0x000005b3       0x4a main_algo.o
                                0x585 (size before relaxing)
 .debug_str     0x000005fd       0x35 pressure_sensor.o
                                0x57a (size before relaxing)
 .debug_str     0x00000632       0x8c startup.o
                                0x5a8 (size before relaxing)

.comment        0x00000000       0x7e
 .comment       0x00000000       0x7e alarm_monitor.o
                                 0x7f (size before relaxing)
 .comment       0x0000007e       0x7f driver.o
 .comment       0x0000007e       0x7f main.o
 .comment       0x0000007e       0x7f main_algo.o
 .comment       0x0000007e       0x7f pressure_sensor.o
 .comment       0x0000007e       0x7f startup.o

.ARM.attributes
                0x00000000       0x33
 .ARM.attributes
                0x00000000       0x33 alarm_monitor.o
 .ARM.attributes
                0x00000033       0x33 driver.o
 .ARM.attributes
                0x00000066       0x33 main.o
 .ARM.attributes
                0x00000099       0x33 main_algo.o
 .ARM.attributes
                0x000000cc       0x33 pressure_sensor.o
 .ARM.attributes
                0x000000ff       0x33 startup.o

.debug_frame    0x00000000      0x240
 .debug_frame   0x00000000       0x68 alarm_monitor.o
 .debug_frame   0x00000068       0xa0 driver.o
 .debug_frame   0x00000108       0x48 main.o
 .debug_frame   0x00000150       0x54 main_algo.o
 .debug_frame   0x000001a4       0x4c pressure_sensor.o
 .debug_frame   0x000001f0       0x50 startup.o
